2026-08-20 21:14:25.108 [main] INFO  com.guoshisan.xiaohongshu.auth.DruidTests - Starting DruidTests using Java 17.0.14 with PID 14700 (started by Administrator in E:\GitHub\xiaohongshu\xiaohongshu-auth)
2026-08-20 21:14:25.110 [main] INFO  com.guoshisan.xiaohongshu.auth.DruidTests - The following 1 profile is active: "dev"
2026-08-20 21:14:26.660 [main] INFO  c.a.d.s.b.a.DruidDataSourceAutoConfigure - Init DruidDataSource
2026-08-20 21:14:27.110 [main] INFO  com.alibaba.druid.pool.DruidDataSource - {dataSource-1} inited
2026-08-20 21:14:27.435 [main] INFO  com.guoshisan.xiaohongshu.auth.DruidTests - Started DruidTests in 2.781 seconds (process running for 3.738)
2026-08-20 21:14:28.101 [main] INFO  com.guoshisan.xiaohongshu.auth.DruidTests - privateKey: MIIBVQIBADANBgkqhkiG9w0BAQEFAASCAT8wggE7AgEAAkEAj6DMcRGdaXwz5Wuy5uIJmVVfTI3Vl5m+GDxcVt5pp4SXTarzHeZInxLCWqVdgCcCk3L9s6b0AE6RdTLHghQVlwIDAQABAkAWXWaYULLfQxzdo5iXBSmTe8y8IfXZhnIoWfXS/Q0crXcnxVLJOZeyQbdC+1v+yO4TjUVkla0tUQKl084jgHIJAiEA5Wp6zen5dfCncGz+txi4+TUsbpsyIOT8LO/rqzyhMusCIQCgRXZFZi/6vz3NLqHvOWypDVCx6wymR1e2NDB1d+6FBQIhAMl/vqEBcoQufUJ32TlEU6M/GumDEoJl3UAy8lGSjRtFAiEAlu3zHBXIdzUjqRcSLmuAlY7RgEte5TPoONDbFbR0rVUCICkifi6Cx8hgvSeMzz+xUtZE+Ihl3iaabGVle3MvFCd+
2026-08-20 21:14:28.102 [main] INFO  com.guoshisan.xiaohongshu.auth.DruidTests - publicKey: MFwwDQYJKoZIhvcNAQEBBQADSwAwSAJBAI+gzHERnWl8M+VrsubiCZlVX0yN1ZeZvhg8XFbeaaeEl02q8x3mSJ8SwlqlXYAnApNy/bOm9ABOkXUyx4IUFZcCAwEAAQ==
2026-08-20 21:14:28.105 [main] INFO  com.guoshisan.xiaohongshu.auth.DruidTests - password: I2bjqU94yBjUfrT1eCDhmF+ltulwVIyPk9rvNpeDSjwRj4jefl4fTWe3SMHPjYTacWpdTnpwpcUyXKZmfIU7RA==
2026-08-20 21:14:28.127 [main] INFO  o.s.t.c.support.AnnotationConfigContextLoaderUtils - Could not detect default configuration classes for test class [com.guoshisan.xiaohongshu.auth.XiaohongshuAuthApplicationTests]: XiaohongshuAuthApplicationTests does not declare any static, non-private, non-final, nested classes annotated with @Configuration.
2026-08-20 21:14:28.129 [main] INFO  o.s.b.t.context.SpringBootTestContextBootstrapper - Found @SpringBootConfiguration com.guoshisan.xiaohongshu.auth.XiaohongshuAuthApplication for test class com.guoshisan.xiaohongshu.auth.XiaohongshuAuthApplicationTests
2026-08-20 21:14:28.525 [main] INFO  c.g.x.auth.XiaohongshuAuthApplicationTests - User: {"id":2,"username":"郭拾叁","createTime":"2026-08-12 23:12:06","updateTime":"2026-08-12 23:12:06"}
2026-08-20 21:14:28.543 [SpringApplicationShutdownHook] INFO  com.alibaba.druid.pool.DruidDataSource - {dataSource-1} closing ...
2026-08-20 21:14:28.552 [SpringApplicationShutdownHook] INFO  com.alibaba.druid.pool.DruidDataSource - {dataSource-1} closed
2026-08-20 21:14:39.244 [main] INFO  com.guoshisan.xiaohongshu.auth.DruidTests - Starting DruidTests using Java 17.0.14 with PID 17156 (started by Administrator in E:\GitHub\xiaohongshu\xiaohongshu-auth)
2026-08-20 21:14:39.246 [main] INFO  com.guoshisan.xiaohongshu.auth.DruidTests - The following 1 profile is active: "dev"
2026-08-20 21:14:40.979 [main] INFO  c.a.d.s.b.a.DruidDataSourceAutoConfigure - Init DruidDataSource
2026-08-20 21:14:41.411 [main] INFO  com.alibaba.druid.pool.DruidDataSource - {dataSource-1} inited
2026-08-20 21:14:41.727 [main] INFO  com.guoshisan.xiaohongshu.auth.DruidTests - Started DruidTests in 2.952 seconds (process running for 3.848)
2026-08-20 21:14:42.378 [main] INFO  com.guoshisan.xiaohongshu.auth.DruidTests - privateKey: MIIBVQIBADANBgkqhkiG9w0BAQEFAASCAT8wggE7AgEAAkEArkgr1z6Xokv/hcHDZ10i71W6GPJv4nzO6xek7O6SyhmpRLOpOM/vdcEI7T2X1RgeTj2HYfrceag77GnJzMCNAQIDAQABAkAA4OTGScOc3TW6LIcUaHof/rfCYf+Br0eLYm6xFi5AdPgV/mHpPUtk+hv0tJebbZ0DF2Oxo5s+cC5bvQo7AvYJAiEAwx1t2JnFEGzLm8wQkGfY2qfJ6Ybpuq/LqNr+W0qKp98CIQDkqoPRDI3ZtAhQD7PUIUzwfRoxcWiWvH45Gj3nFwTnHwIhAKe5l6DX5rhM3eaK0D5ilt631/FAgZFy5z67KmYtuO2/AiEAlGxlsUyPym6EMstuc1PGKBdb6BnvxF/HInN5GMWlRgsCID18EhqeSGe7ZU2t6UcJR0KbhEbdh/qFE2ZrbFnKTiwv
2026-08-20 21:14:42.379 [main] INFO  com.guoshisan.xiaohongshu.auth.DruidTests - publicKey: MFwwDQYJKoZIhvcNAQEBBQADSwAwSAJBAK5IK9c+l6JL/4XBw2ddIu9Vuhjyb+J8zusXpOzuksoZqUSzqTjP73XBCO09l9UYHk49h2H63HmoO+xpyczAjQECAwEAAQ==
2026-08-20 21:14:42.382 [main] INFO  com.guoshisan.xiaohongshu.auth.DruidTests - password: e5ozpEXnutz5tS4fvpIwPVDYTnQuvXveoaTzpzjCQmIHdustrwGfOfrjaBX0Iht4s+WSUyNvrvH9qnV/Najerg==
2026-08-20 21:14:42.407 [main] INFO  o.s.t.c.support.AnnotationConfigContextLoaderUtils - Could not detect default configuration classes for test class [com.guoshisan.xiaohongshu.auth.XiaohongshuAuthApplicationTests]: XiaohongshuAuthApplicationTests does not declare any static, non-private, non-final, nested classes annotated with @Configuration.
2026-08-20 21:14:42.410 [main] INFO  o.s.b.t.context.SpringBootTestContextBootstrapper - Found @SpringBootConfiguration com.guoshisan.xiaohongshu.auth.XiaohongshuAuthApplication for test class com.guoshisan.xiaohongshu.auth.XiaohongshuAuthApplicationTests
2026-08-20 21:14:42.815 [main] INFO  c.g.x.auth.XiaohongshuAuthApplicationTests - User: {"id":2,"username":"郭拾叁","createTime":"2026-08-12 23:12:06","updateTime":"2026-08-12 23:12:06"}
2026-08-20 21:14:42.835 [SpringApplicationShutdownHook] INFO  com.alibaba.druid.pool.DruidDataSource - {dataSource-1} closing ...
2026-08-20 21:14:42.844 [SpringApplicationShutdownHook] INFO  com.alibaba.druid.pool.DruidDataSource - {dataSource-1} closed
2026-08-20 21:14:59.730 [main] INFO  com.guoshisan.xiaohongshu.auth.DruidTests - Starting DruidTests using Java 17.0.14 with PID 14204 (started by Administrator in E:\GitHub\xiaohongshu\xiaohongshu-auth)
2026-08-20 21:14:59.731 [main] INFO  com.guoshisan.xiaohongshu.auth.DruidTests - The following 1 profile is active: "dev"
2026-08-20 21:15:01.344 [main] INFO  c.a.d.s.b.a.DruidDataSourceAutoConfigure - Init DruidDataSource
2026-08-20 21:15:01.833 [main] INFO  com.alibaba.druid.pool.DruidDataSource - {dataSource-1} inited
2026-08-20 21:15:02.156 [main] INFO  com.guoshisan.xiaohongshu.auth.DruidTests - Started DruidTests in 2.939 seconds (process running for 4.019)
2026-08-20 21:15:02.775 [main] INFO  com.guoshisan.xiaohongshu.auth.DruidTests - privateKey: MIIBVAIBADANBgkqhkiG9w0BAQEFAASCAT4wggE6AgEAAkEAyhdpwukfjccJ2Ma00HW2f3ZsYe57Y77DppsJevQIBqbaFBl7zNhIE6xq3f6xBvwdTi95Hib3/lyi1zzAF2C5AwIDAQABAkAWo9TXXyKH0ZqKzIgJKobNdMjjl8H/BKoKiiffvGMBy5Ax4xlZTmBjBvYq1Sf14n7Ypr8hT63RLTMwRGm0idrRAiEAy9s1tpwvwqhpZKUmmRvYFSpCgbKhzyTof4d/WiWrPgcCIQD9yKPHjAWPM+oRziwHE26fotvjixUOCoMeTyBI1MiuJQIhAKXhKkP9s59iCuCqwk20KpCOYq/G+4PjNI0RZL+mB0HhAiBA8JCIRVo+1Kf2um0lumE6VDA0P6i5mRMINHMsb9aSSQIgCe8lNZgm72/35rO70yLArqQV0yovz2kckwlbZarc0yE=
2026-08-20 21:15:02.777 [main] INFO  com.guoshisan.xiaohongshu.auth.DruidTests - publicKey: MFwwDQYJKoZIhvcNAQEBBQADSwAwSAJBAMoXacLpH43HCdjGtNB1tn92bGHue2O+w6abCXr0CAam2hQZe8zYSBOsat3+sQb8HU4veR4m9/5cotc8wBdguQMCAwEAAQ==
2026-08-20 21:15:02.779 [main] INFO  com.guoshisan.xiaohongshu.auth.DruidTests - password: MaW5Vy0xM04PLoDwu7SxtaOMsI9NBGhRdQdobaNlGO9E30H8sgB8WhWkzpbhp0l8hMZw0HKAMFjY2OTS2UuR4Q==
2026-08-20 21:15:02.803 [main] INFO  o.s.t.c.support.AnnotationConfigContextLoaderUtils - Could not detect default configuration classes for test class [com.guoshisan.xiaohongshu.auth.XiaohongshuAuthApplicationTests]: XiaohongshuAuthApplicationTests does not declare any static, non-private, non-final, nested classes annotated with @Configuration.
2026-08-20 21:15:02.805 [main] INFO  o.s.b.t.context.SpringBootTestContextBootstrapper - Found @SpringBootConfiguration com.guoshisan.xiaohongshu.auth.XiaohongshuAuthApplication for test class com.guoshisan.xiaohongshu.auth.XiaohongshuAuthApplicationTests
2026-08-20 21:15:03.246 [main] INFO  c.g.x.auth.XiaohongshuAuthApplicationTests - User: {"id":2,"username":"郭拾叁","createTime":"2026-08-12 23:12:06","updateTime":"2026-08-12 23:12:06"}
2026-08-20 21:15:03.268 [SpringApplicationShutdownHook] INFO  com.alibaba.druid.pool.DruidDataSource - {dataSource-1} closing ...
2026-08-20 21:15:03.277 [SpringApplicationShutdownHook] INFO  com.alibaba.druid.pool.DruidDataSource - {dataSource-1} closed
2026-08-20 21:19:46.370 [main] INFO  com.guoshisan.xiaohongshu.auth.DruidTests - Starting DruidTests using Java 17.0.14 with PID 18604 (started by Administrator in E:\GitHub\xiaohongshu\xiaohongshu-auth)
2026-08-20 21:19:46.372 [main] INFO  com.guoshisan.xiaohongshu.auth.DruidTests - The following 1 profile is active: "dev"
2026-08-20 21:19:47.998 [main] INFO  c.a.d.s.b.a.DruidDataSourceAutoConfigure - Init DruidDataSource
2026-08-20 21:19:48.431 [main] INFO  com.alibaba.druid.pool.DruidDataSource - {dataSource-1} inited
2026-08-20 21:19:48.736 [main] INFO  com.guoshisan.xiaohongshu.auth.DruidTests - Started DruidTests in 2.857 seconds (process running for 3.735)
2026-08-20 21:19:49.337 [main] INFO  com.guoshisan.xiaohongshu.auth.DruidTests - privateKey: MIIBVQIBADANBgkqhkiG9w0BAQEFAASCAT8wggE7AgEAAkEAnoqZsjtyDJsAIYagZiFbUVqqayUc3Yp7ErAtCFBWjNPGKDN5Dxgrzil8hrBgr03R71w7A+n0WPwvrCo8sojgbwIDAQABAkAWEqKUD6Cw+UI1vgzw4INaj+6ax5T9kdJ8Ee6DHM71Vi09ZEjpd3WxWV6GlRVF7RYBoyeuRwVFhH4TpOZqwew5AiEAwy5dBr8Y4qt3gtFJbydIghZyTRkWJSRfxfXOOSf1nyUCIQDP8XsQ8+6phodx29UPsTK4GHoKAj6Y2CRqdOmuM7YHAwIgM6B03M75TyOZthGTwgH7DOXREBGdqO9pIdy10qp+Lr0CIQChCPB2a4IbNPy1dzokAeU2XnY8RAq4EUL6UnoZlyBTgwIhAJHhruUUl4X922aO6rNwLkm3AM5SdtAgs+A/u0RqCb6r
2026-08-20 21:19:49.339 [main] INFO  com.guoshisan.xiaohongshu.auth.DruidTests - publicKey: MFwwDQYJKoZIhvcNAQEBBQADSwAwSAJBAJ6KmbI7cgybACGGoGYhW1FaqmslHN2KexKwLQhQVozTxigzeQ8YK84pfIawYK9N0e9cOwPp9Fj8L6wqPLKI4G8CAwEAAQ==
2026-08-20 21:19:49.342 [main] INFO  com.guoshisan.xiaohongshu.auth.DruidTests - password: l9T/3WA4kAMJR7rZU1oK3cRLB2X7qb9YPBnjCmPqC90igBDhs9CBBZuMcgGH6dMTJV0xjNTojBjD8vCSlIHSxw==
2026-08-20 21:19:49.363 [main] INFO  o.s.t.c.support.AnnotationConfigContextLoaderUtils - Could not detect default configuration classes for test class [com.guoshisan.xiaohongshu.auth.XiaohongshuAuthApplicationTests]: XiaohongshuAuthApplicationTests does not declare any static, non-private, non-final, nested classes annotated with @Configuration.
2026-08-20 21:19:49.365 [main] INFO  o.s.b.t.context.SpringBootTestContextBootstrapper - Found @SpringBootConfiguration com.guoshisan.xiaohongshu.auth.XiaohongshuAuthApplication for test class com.guoshisan.xiaohongshu.auth.XiaohongshuAuthApplicationTests
2026-08-20 21:19:49.709 [main] INFO  c.g.x.auth.XiaohongshuAuthApplicationTests - User: {"id":2,"username":"郭拾叁","createTime":"2026-08-12 23:12:06","updateTime":"2026-08-12 23:12:06"}
2026-08-20 21:19:49.745 [SpringApplicationShutdownHook] INFO  com.alibaba.druid.pool.DruidDataSource - {dataSource-1} closing ...
2026-08-20 21:19:49.757 [SpringApplicationShutdownHook] INFO  com.alibaba.druid.pool.DruidDataSource - {dataSource-1} closed
2026-08-20 21:20:22.202 [main] INFO  com.guoshisan.xiaohongshu.auth.DruidTests - Starting DruidTests using Java 17.0.14 with PID 18860 (started by Administrator in E:\GitHub\xiaohongshu\xiaohongshu-auth)
2026-08-20 21:20:22.204 [main] INFO  com.guoshisan.xiaohongshu.auth.DruidTests - The following 1 profile is active: "dev"
2026-08-20 21:20:23.949 [main] INFO  c.a.d.s.b.a.DruidDataSourceAutoConfigure - Init DruidDataSource
2026-08-20 21:20:24.409 [main] INFO  com.alibaba.druid.pool.DruidDataSource - {dataSource-1} inited
2026-08-20 21:20:24.771 [main] INFO  com.guoshisan.xiaohongshu.auth.DruidTests - Started DruidTests in 3.241 seconds (process running for 4.127)
2026-08-20 21:20:25.356 [main] INFO  com.guoshisan.xiaohongshu.auth.DruidTests - privateKey: MIIBVQIBADANBgkqhkiG9w0BAQEFAASCAT8wggE7AgEAAkEAssBvgR42Sf9KnZog1Ualk28QORiFL7n4o5CNHOqBNOIddx2W22ELGXzkoywhQZS3gWh1wK9gql9trzkb41Ho6QIDAQABAkAemNX9UgCU9f/9ri5Ek40wCWjLfSj/HGQ1Cz88Xd+z/163VLX4B35vI1LLfy5parNBQOEFxlI0q7awnjm/lt3pAiEA8AzIZUyaLoD+WkyWLRhvYNwoGFKVSKe0tu8scjSl7PcCIQC+oPpiVLvaBn6WahMxzte7yXEOuu47uYGbIT5nMAzBHwIhAM2K5Hx4nvx6z1Aai+yJI7VYTayl6dWQZBjPqssPcZP5AiAdYkb2HUWPh+y/Vr56sP2EDrsEoD/UqPWXafpqgXeV1QIhALTKd5W2Rqy1LricHgSHd3jCUezRHOUVzs38VSAgccSN
2026-08-20 21:20:25.358 [main] INFO  com.guoshisan.xiaohongshu.auth.DruidTests - publicKey: MFwwDQYJKoZIhvcNAQEBBQADSwAwSAJBALLAb4EeNkn/Sp2aINVGpZNvEDkYhS+5+KOQjRzqgTTiHXcdltthCxl85KMsIUGUt4FodcCvYKpfba85G+NR6OkCAwEAAQ==
2026-08-20 21:20:25.360 [main] INFO  com.guoshisan.xiaohongshu.auth.DruidTests - password: aLo5x2OOot09cA7lZgLdfqXZd41UmB7STYvrWexP5hoePFwpO9hhokyDY6iaY2nhBCJ5Of1DaKXNu/rurvFB9g==
2026-08-20 21:20:25.382 [main] INFO  o.s.t.c.support.AnnotationConfigContextLoaderUtils - Could not detect default configuration classes for test class [com.guoshisan.xiaohongshu.auth.XiaohongshuAuthApplicationTests]: XiaohongshuAuthApplicationTests does not declare any static, non-private, non-final, nested classes annotated with @Configuration.
2026-08-20 21:20:25.384 [main] INFO  o.s.b.t.context.SpringBootTestContextBootstrapper - Found @SpringBootConfiguration com.guoshisan.xiaohongshu.auth.XiaohongshuAuthApplication for test class com.guoshisan.xiaohongshu.auth.XiaohongshuAuthApplicationTests
2026-08-20 21:20:25.704 [main] INFO  c.g.x.auth.XiaohongshuAuthApplicationTests - User: {"id":2,"username":"郭拾叁","createTime":"2026-08-12 23:12:06","updateTime":"2026-08-12 23:12:06"}
2026-08-20 21:20:25.735 [SpringApplicationShutdownHook] INFO  com.alibaba.druid.pool.DruidDataSource - {dataSource-1} closing ...
2026-08-20 21:20:25.745 [SpringApplicationShutdownHook] INFO  com.alibaba.druid.pool.DruidDataSource - {dataSource-1} closed
2026-08-20 21:21:06.084 [main] INFO  com.guoshisan.xiaohongshu.auth.DruidTests - Starting DruidTests using Java 17.0.14 with PID 300 (started by Administrator in E:\GitHub\xiaohongshu\xiaohongshu-auth)
2026-08-20 21:21:06.085 [main] INFO  com.guoshisan.xiaohongshu.auth.DruidTests - The following 1 profile is active: "dev"
2026-08-20 21:21:07.615 [main] INFO  c.a.d.s.b.a.DruidDataSourceAutoConfigure - Init DruidDataSource
2026-08-20 21:21:08.053 [main] INFO  com.alibaba.druid.pool.DruidDataSource - {dataSource-1} inited
2026-08-20 21:21:08.334 [main] INFO  com.guoshisan.xiaohongshu.auth.DruidTests - Started DruidTests in 2.675 seconds (process running for 3.549)
2026-08-20 21:21:08.974 [main] INFO  com.guoshisan.xiaohongshu.auth.DruidTests - privateKey: MIIBUwIBADANBgkqhkiG9w0BAQEFAASCAT0wggE5AgEAAkEAnbFGy3/rer9EvCmxiaOn5uFmpZHJ312Q62Q42gnHIzXJtle8kSO3fV9nLx+2yKwZMop1l/mgQStiB/u85MOGqwIDAQABAkAWxBCx8XJYIsP0HFrWwatMUE9G6QDJgBMbgLkadV3sDa0y/LJVedGYa3BDCZsWGLyrkCVtmcWvKe9yUlDHSc7FAiEApET1gwi4mPKYiMW8ljDNtSFKIUlVylJ+UT6xrbPLx/UCIQD1wB9YOXLJvStr2lcfyiHE6O2CDc5SLg3Km2FFhNsQHwIgH4/gXDzguwJhrGXRxkm6PIMY6yxb/3O6MYIKQYW6McECIEfsw//BSJxM1mGJlMhEE6AbADB5M/KPcg/jbBO5r5fHAiAM1zDg7OSyz0N6ytOcPlojWq5JHtN6ttBKIoStuC5/Hw==
2026-08-20 21:21:08.975 [main] INFO  com.guoshisan.xiaohongshu.auth.DruidTests - publicKey: MFwwDQYJKoZIhvcNAQEBBQADSwAwSAJBAJ2xRst/63q/RLwpsYmjp+bhZqWRyd9dkOtkONoJxyM1ybZXvJEjt31fZy8ftsisGTKKdZf5oEErYgf7vOTDhqsCAwEAAQ==
2026-08-20 21:21:08.977 [main] INFO  com.guoshisan.xiaohongshu.auth.DruidTests - password: k+rEnJe3L6vUzNywhPVyBAIHFpF2sUvNqQqSg9b+j2vkfzEHfRM7xwkRDLK8P8lCXdD7+hKB9Jb4PA3aXRdBfQ==
2026-08-20 21:21:09.002 [main] INFO  o.s.t.c.support.AnnotationConfigContextLoaderUtils - Could not detect default configuration classes for test class [com.guoshisan.xiaohongshu.auth.XiaohongshuAuthApplicationTests]: XiaohongshuAuthApplicationTests does not declare any static, non-private, non-final, nested classes annotated with @Configuration.
2026-08-20 21:21:09.004 [main] INFO  o.s.b.t.context.SpringBootTestContextBootstrapper - Found @SpringBootConfiguration com.guoshisan.xiaohongshu.auth.XiaohongshuAuthApplication for test class com.guoshisan.xiaohongshu.auth.XiaohongshuAuthApplicationTests
2026-08-20 21:21:09.410 [main] INFO  c.g.x.auth.XiaohongshuAuthApplicationTests - User: {"id":2,"username":"郭拾叁","createTime":"2026-08-12 23:12:06","updateTime":"2026-08-12 23:12:06"}
2026-08-20 21:21:09.431 [SpringApplicationShutdownHook] INFO  com.alibaba.druid.pool.DruidDataSource - {dataSource-1} closing ...
2026-08-20 21:21:09.441 [SpringApplicationShutdownHook] INFO  com.alibaba.druid.pool.DruidDataSource - {dataSource-1} closed
2026-08-20 21:44:29.304 [main] INFO  com.guoshisan.xiaohongshu.auth.RedisTests - Starting RedisTests using Java 17.0.14 with PID 15980 (started by Administrator in E:\GitHub\xiaohongshu\xiaohongshu-auth)
2026-08-20 21:44:29.305 [main] INFO  com.guoshisan.xiaohongshu.auth.RedisTests - The following 1 profile is active: "dev"
2026-08-20 21:44:29.973 [main] INFO  o.s.d.r.config.RepositoryConfigurationDelegate - Multiple Spring Data modules found, entering strict repository configuration mode
2026-08-20 21:44:29.977 [main] INFO  o.s.d.r.config.RepositoryConfigurationDelegate - Bootstrapping Spring Data Redis repositories in DEFAULT mode.
2026-08-20 21:44:30.019 [main] INFO  o.s.d.r.config.RepositoryConfigurationDelegate - Finished Spring Data repository scanning in 20 ms. Found 0 Redis repository interfaces.
2026-08-20 21:44:32.127 [main] INFO  c.a.d.s.b.a.DruidDataSourceAutoConfigure - Init DruidDataSource
2026-08-20 21:44:32.491 [main] INFO  com.alibaba.druid.pool.DruidDataSource - {dataSource-1} inited
2026-08-20 21:44:33.022 [main] INFO  com.guoshisan.xiaohongshu.auth.RedisTests - Started RedisTests in 4.22 seconds (process running for 5.358)
2026-08-20 21:44:34.098 [SpringApplicationShutdownHook] INFO  com.alibaba.druid.pool.DruidDataSource - {dataSource-1} closing ...
2026-08-20 21:44:34.107 [SpringApplicationShutdownHook] INFO  com.alibaba.druid.pool.DruidDataSource - {dataSource-1} closed
2026-08-20 21:45:00.947 [main] INFO  com.guoshisan.xiaohongshu.auth.RedisTests - Starting RedisTests using Java 17.0.14 with PID 1248 (started by Administrator in E:\GitHub\xiaohongshu\xiaohongshu-auth)
2026-08-20 21:45:00.948 [main] INFO  com.guoshisan.xiaohongshu.auth.RedisTests - The following 1 profile is active: "dev"
2026-08-20 21:45:01.530 [main] INFO  o.s.d.r.config.RepositoryConfigurationDelegate - Multiple Spring Data modules found, entering strict repository configuration mode
2026-08-20 21:45:01.533 [main] INFO  o.s.d.r.config.RepositoryConfigurationDelegate - Bootstrapping Spring Data Redis repositories in DEFAULT mode.
2026-08-20 21:45:01.567 [main] INFO  o.s.d.r.config.RepositoryConfigurationDelegate - Finished Spring Data repository scanning in 15 ms. Found 0 Redis repository interfaces.
2026-08-20 21:45:03.047 [main] INFO  c.a.d.s.b.a.DruidDataSourceAutoConfigure - Init DruidDataSource
2026-08-20 21:45:03.426 [main] INFO  com.alibaba.druid.pool.DruidDataSource - {dataSource-1} inited
2026-08-20 21:45:03.812 [main] INFO  com.guoshisan.xiaohongshu.auth.RedisTests - Started RedisTests in 3.341 seconds (process running for 4.348)
2026-08-20 21:45:04.754 [SpringApplicationShutdownHook] INFO  com.alibaba.druid.pool.DruidDataSource - {dataSource-1} closing ...
2026-08-20 21:45:04.767 [SpringApplicationShutdownHook] INFO  com.alibaba.druid.pool.DruidDataSource - {dataSource-1} closed
2026-08-20 21:45:24.857 [main] INFO  com.guoshisan.xiaohongshu.auth.RedisTests - Starting RedisTests using Java 17.0.14 with PID 13504 (started by Administrator in E:\GitHub\xiaohongshu\xiaohongshu-auth)
2026-08-20 21:45:24.858 [main] INFO  com.guoshisan.xiaohongshu.auth.RedisTests - The following 1 profile is active: "dev"
2026-08-20 21:45:25.543 [main] INFO  o.s.d.r.config.RepositoryConfigurationDelegate - Multiple Spring Data modules found, entering strict repository configuration mode
2026-08-20 21:45:25.548 [main] INFO  o.s.d.r.config.RepositoryConfigurationDelegate - Bootstrapping Spring Data Redis repositories in DEFAULT mode.
2026-08-20 21:45:25.591 [main] INFO  o.s.d.r.config.RepositoryConfigurationDelegate - Finished Spring Data repository scanning in 20 ms. Found 0 Redis repository interfaces.
2026-08-20 21:45:27.088 [main] INFO  c.a.d.s.b.a.DruidDataSourceAutoConfigure - Init DruidDataSource
2026-08-20 21:45:27.432 [main] INFO  com.alibaba.druid.pool.DruidDataSource - {dataSource-1} inited
2026-08-20 21:45:27.828 [main] INFO  com.guoshisan.xiaohongshu.auth.RedisTests - Started RedisTests in 3.436 seconds (process running for 4.425)
2026-08-20 21:45:28.783 [SpringApplicationShutdownHook] INFO  com.alibaba.druid.pool.DruidDataSource - {dataSource-1} closing ...
2026-08-20 21:45:28.792 [SpringApplicationShutdownHook] INFO  com.alibaba.druid.pool.DruidDataSource - {dataSource-1} closed
2026-08-20 21:46:25.003 [main] INFO  com.guoshisan.xiaohongshu.auth.RedisTests - Starting RedisTests using Java 17.0.14 with PID 8656 (started by Administrator in E:\GitHub\xiaohongshu\xiaohongshu-auth)
2026-08-20 21:46:25.005 [main] INFO  com.guoshisan.xiaohongshu.auth.RedisTests - The following 1 profile is active: "dev"
2026-08-20 21:46:25.673 [main] INFO  o.s.d.r.config.RepositoryConfigurationDelegate - Multiple Spring Data modules found, entering strict repository configuration mode
2026-08-20 21:46:25.676 [main] INFO  o.s.d.r.config.RepositoryConfigurationDelegate - Bootstrapping Spring Data Redis repositories in DEFAULT mode.
2026-08-20 21:46:25.714 [main] INFO  o.s.d.r.config.RepositoryConfigurationDelegate - Finished Spring Data repository scanning in 14 ms. Found 0 Redis repository interfaces.
2026-08-20 21:46:27.299 [main] INFO  c.a.d.s.b.a.DruidDataSourceAutoConfigure - Init DruidDataSource
2026-08-20 21:46:27.683 [main] INFO  com.alibaba.druid.pool.DruidDataSource - {dataSource-1} inited
2026-08-20 21:46:28.059 [main] INFO  com.guoshisan.xiaohongshu.auth.RedisTests - Started RedisTests in 3.535 seconds (process running for 4.574)
2026-08-20 21:46:29.068 [SpringApplicationShutdownHook] INFO  com.alibaba.druid.pool.DruidDataSource - {dataSource-1} closing ...
2026-08-20 21:46:29.078 [SpringApplicationShutdownHook] INFO  com.alibaba.druid.pool.DruidDataSource - {dataSource-1} closed
2026-08-20 21:47:42.709 [main] INFO  com.guoshisan.xiaohongshu.auth.RedisTests - Starting RedisTests using Java 17.0.14 with PID 18656 (started by Administrator in E:\GitHub\xiaohongshu\xiaohongshu-auth)
2026-08-20 21:47:42.710 [main] INFO  com.guoshisan.xiaohongshu.auth.RedisTests - The following 1 profile is active: "dev"
2026-08-20 21:47:43.311 [main] INFO  o.s.d.r.config.RepositoryConfigurationDelegate - Multiple Spring Data modules found, entering strict repository configuration mode
2026-08-20 21:47:43.313 [main] INFO  o.s.d.r.config.RepositoryConfigurationDelegate - Bootstrapping Spring Data Redis repositories in DEFAULT mode.
2026-08-20 21:47:43.348 [main] INFO  o.s.d.r.config.RepositoryConfigurationDelegate - Finished Spring Data repository scanning in 16 ms. Found 0 Redis repository interfaces.
2026-08-20 21:47:44.845 [main] INFO  c.a.d.s.b.a.DruidDataSourceAutoConfigure - Init DruidDataSource
2026-08-20 21:47:45.213 [main] INFO  com.alibaba.druid.pool.DruidDataSource - {dataSource-1} inited
2026-08-20 21:47:45.600 [main] INFO  com.guoshisan.xiaohongshu.auth.RedisTests - Started RedisTests in 3.355 seconds (process running for 4.467)
2026-08-20 21:47:46.482 [main] INFO  com.guoshisan.xiaohongshu.auth.RedisTests - value 值：郭拾叁
2026-08-20 21:47:46.501 [SpringApplicationShutdownHook] INFO  com.alibaba.druid.pool.DruidDataSource - {dataSource-1} closing ...
2026-08-20 21:47:46.509 [SpringApplicationShutdownHook] INFO  com.alibaba.druid.pool.DruidDataSource - {dataSource-1} closed
2026-08-20 21:47:59.201 [main] INFO  com.guoshisan.xiaohongshu.auth.RedisTests - Starting RedisTests using Java 17.0.14 with PID 12136 (started by Administrator in E:\GitHub\xiaohongshu\xiaohongshu-auth)
2026-08-20 21:47:59.203 [main] INFO  com.guoshisan.xiaohongshu.auth.RedisTests - The following 1 profile is active: "dev"
2026-08-20 21:47:59.802 [main] INFO  o.s.d.r.config.RepositoryConfigurationDelegate - Multiple Spring Data modules found, entering strict repository configuration mode
2026-08-20 21:47:59.806 [main] INFO  o.s.d.r.config.RepositoryConfigurationDelegate - Bootstrapping Spring Data Redis repositories in DEFAULT mode.
2026-08-20 21:47:59.844 [main] INFO  o.s.d.r.config.RepositoryConfigurationDelegate - Finished Spring Data repository scanning in 16 ms. Found 0 Redis repository interfaces.
2026-08-20 21:48:01.402 [main] INFO  c.a.d.s.b.a.DruidDataSourceAutoConfigure - Init DruidDataSource
2026-08-20 21:48:01.793 [main] INFO  com.alibaba.druid.pool.DruidDataSource - {dataSource-1} inited
2026-08-20 21:48:02.229 [main] INFO  com.guoshisan.xiaohongshu.auth.RedisTests - Started RedisTests in 3.469 seconds (process running for 4.5)
2026-08-20 21:48:03.343 [main] INFO  com.guoshisan.xiaohongshu.auth.RedisTests - value 值：郭拾叁
2026-08-20 21:48:03.362 [SpringApplicationShutdownHook] INFO  com.alibaba.druid.pool.DruidDataSource - {dataSource-1} closing ...
2026-08-20 21:48:03.373 [SpringApplicationShutdownHook] INFO  com.alibaba.druid.pool.DruidDataSource - {dataSource-1} closed
2026-08-20 22:43:05.958 [main] INFO  com.guoshisan.xiaohongshu.auth.DruidTests - Starting DruidTests using Java 17.0.14 with PID 6396 (started by Administrator in E:\GitHub\xiaohongshu\xiaohongshu-auth)
2026-08-20 22:43:05.960 [main] INFO  com.guoshisan.xiaohongshu.auth.DruidTests - The following 1 profile is active: "dev"
2026-08-20 22:43:06.603 [main] INFO  o.s.d.r.config.RepositoryConfigurationDelegate - Multiple Spring Data modules found, entering strict repository configuration mode
2026-08-20 22:43:06.606 [main] INFO  o.s.d.r.config.RepositoryConfigurationDelegate - Bootstrapping Spring Data Redis repositories in DEFAULT mode.
2026-08-20 22:43:06.639 [main] INFO  o.s.d.r.config.RepositoryConfigurationDelegate - Finished Spring Data repository scanning in 13 ms. Found 0 Redis repository interfaces.
2026-08-20 22:43:08.062 [main] INFO  c.a.d.s.b.a.DruidDataSourceAutoConfigure - Init DruidDataSource
2026-08-20 22:43:08.506 [main] INFO  com.alibaba.druid.pool.DruidDataSource - {dataSource-1} inited
2026-08-20 22:43:08.963 [main] INFO  com.guoshisan.xiaohongshu.auth.DruidTests - Started DruidTests in 3.424 seconds (process running for 4.427)
2026-08-20 22:43:09.497 [main] INFO  com.guoshisan.xiaohongshu.auth.DruidTests - privateKey: MIIBVAIBADANBgkqhkiG9w0BAQEFAASCAT4wggE6AgEAAkEAnBdjLRdGCNbIyrO1x+EUBz3HlGXg4SuCSTHRsW8LBQXkFhvy5TX6/pTpYjVWaKesmaLiSq1fCTkshpITQ2DbswIDAQABAkAe5yZ0c+oir9ta/k9b/jzH3jxYLf9itQl7Ukiwt0pYOOyeBFdoo3FbdpWWHWMiMoI6DYZ0w4Kv+RKGJd5crc3JAiEAo7jFT4ePeo5EBejORCmhM6mIMXjBlSdEj79NOYZfnIcCIQD0EaJfykSy7iga7BNKrtLtuttx+TRjFBhGYBJuABWedQIhAIxGKE/uruDreZ6yi9/c5zATZgw1EW9Q2K5s0qah2dOLAiBw/YjyV62eOGsQq6HyvSShMhRNm1UJWVAzpF5j1l4r0QIgN8BWCPjDXZyzRHcGGiR9RINpMcn8WBFFQo42LuZgByk=
2026-08-20 22:43:09.498 [main] INFO  com.guoshisan.xiaohongshu.auth.DruidTests - publicKey: MFwwDQYJKoZIhvcNAQEBBQADSwAwSAJBAJwXYy0XRgjWyMqztcfhFAc9x5Rl4OErgkkx0bFvCwUF5BYb8uU1+v6U6WI1VminrJmi4kqtXwk5LIaSE0Ng27MCAwEAAQ==
2026-08-20 22:43:09.501 [main] INFO  com.guoshisan.xiaohongshu.auth.DruidTests - password: KrNofe+06tutFkReYiaWb0sask65KVYxAnw7yy1eMCFdYsjYrnMOFci9aO/6INyVaM/J0z1rhEsCxesEH/JP1A==
2026-08-20 22:43:09.530 [main] INFO  o.s.t.c.support.AnnotationConfigContextLoaderUtils - Could not detect default configuration classes for test class [com.guoshisan.xiaohongshu.auth.RedisTests]: RedisTests does not declare any static, non-private, non-final, nested classes annotated with @Configuration.
2026-08-20 22:43:09.532 [main] INFO  o.s.b.t.context.SpringBootTestContextBootstrapper - Found @SpringBootConfiguration com.guoshisan.xiaohongshu.auth.XiaohongshuAuthApplication for test class com.guoshisan.xiaohongshu.auth.RedisTests
2026-08-20 22:43:09.996 [main] INFO  com.guoshisan.xiaohongshu.auth.RedisTests - value 值：郭拾叁
2026-08-20 22:43:10.016 [main] INFO  com.guoshisan.xiaohongshu.auth.RedisTests - key 是否存在：false
2026-08-20 22:43:10.035 [main] INFO  o.s.t.c.support.AnnotationConfigContextLoaderUtils - Could not detect default configuration classes for test class [com.guoshisan.xiaohongshu.auth.XiaohongshuAuthApplicationTests]: XiaohongshuAuthApplicationTests does not declare any static, non-private, non-final, nested classes annotated with @Configuration.
2026-08-20 22:43:10.037 [main] INFO  o.s.b.t.context.SpringBootTestContextBootstrapper - Found @SpringBootConfiguration com.guoshisan.xiaohongshu.auth.XiaohongshuAuthApplication for test class com.guoshisan.xiaohongshu.auth.XiaohongshuAuthApplicationTests
2026-08-20 22:43:10.408 [SpringApplicationShutdownHook] INFO  com.alibaba.druid.pool.DruidDataSource - {dataSource-1} closing ...
2026-08-20 22:43:10.419 [SpringApplicationShutdownHook] INFO  com.alibaba.druid.pool.DruidDataSource - {dataSource-1} closed
2026-08-20 22:45:57.594 [main] INFO  com.guoshisan.xiaohongshu.auth.DruidTests - Starting DruidTests using Java 17.0.14 with PID 20028 (started by Administrator in E:\GitHub\xiaohongshu\xiaohongshu-auth)
2026-08-20 22:45:57.596 [main] INFO  com.guoshisan.xiaohongshu.auth.DruidTests - The following 1 profile is active: "dev"
2026-08-20 22:45:58.277 [main] INFO  o.s.d.r.config.RepositoryConfigurationDelegate - Multiple Spring Data modules found, entering strict repository configuration mode
2026-08-20 22:45:58.280 [main] INFO  o.s.d.r.config.RepositoryConfigurationDelegate - Bootstrapping Spring Data Redis repositories in DEFAULT mode.
2026-08-20 22:45:58.317 [main] INFO  o.s.d.r.config.RepositoryConfigurationDelegate - Finished Spring Data repository scanning in 17 ms. Found 0 Redis repository interfaces.
2026-08-20 22:45:59.784 [main] INFO  c.a.d.s.b.a.DruidDataSourceAutoConfigure - Init DruidDataSource
2026-08-20 22:46:00.218 [main] INFO  com.alibaba.druid.pool.DruidDataSource - {dataSource-1} inited
2026-08-20 22:46:00.578 [main] INFO  com.guoshisan.xiaohongshu.auth.DruidTests - Started DruidTests in 3.431 seconds (process running for 4.291)
2026-08-20 22:46:01.123 [main] INFO  com.guoshisan.xiaohongshu.auth.DruidTests - privateKey: MIIBVgIBADANBgkqhkiG9w0BAQEFAASCAUAwggE8AgEAAkEApnDFNf6a0Osl1twb0GJ7I43L09u2/9rXNzDazma2uAAO5Ws0D4UmirfnpGv6V49iq9xipcyPSHu1n4fJvnOYDwIDAQABAkAInpp3+2GFJEhnYirGlfMOmk9N/3jwsyKmJw+N1N/tk23OJyyTn9oTprXWgxykcLznGTbcFlOzexMbEZww0uxBAiEAyCzYPSMkiNw6eFcGFd6eaQ8syEEYegatvGlHmiNoHv8CIQDU23+ZopPHND0O9wmiIVd0a3+icPvn3UbqHZuCPbuW8QIhAKHDY6fcW2ziE7omETvhIECkS7s0p7QM659jsMJGNKE/AiEAz/Mo89Vq/iBAzo/171kXcXtcFDzBPUJmd245cMIStGECIQC2/SZEKDu1kAObvugt6aPs9YGPqlFeRdgEbCTfJ8xIrw==
2026-08-20 22:46:01.125 [main] INFO  com.guoshisan.xiaohongshu.auth.DruidTests - publicKey: MFwwDQYJKoZIhvcNAQEBBQADSwAwSAJBAKZwxTX+mtDrJdbcG9BieyONy9Pbtv/a1zcw2s5mtrgADuVrNA+FJoq356Rr+lePYqvcYqXMj0h7tZ+Hyb5zmA8CAwEAAQ==
2026-08-20 22:46:01.127 [main] INFO  com.guoshisan.xiaohongshu.auth.DruidTests - password: T3qk6UffpHfS0dLoB1l3JA+mjalKVpJED0bqob2JfzCyjeOoU5F1j/dhJV0Lf/O7cCQ4GyKH8ifJKkbqLGXCRQ==
2026-08-20 22:46:01.146 [main] INFO  o.s.t.c.support.AnnotationConfigContextLoaderUtils - Could not detect default configuration classes for test class [com.guoshisan.xiaohongshu.auth.RedisTests]: RedisTests does not declare any static, non-private, non-final, nested classes annotated with @Configuration.
2026-08-20 22:46:01.148 [main] INFO  o.s.b.t.context.SpringBootTestContextBootstrapper - Found @SpringBootConfiguration com.guoshisan.xiaohongshu.auth.XiaohongshuAuthApplication for test class com.guoshisan.xiaohongshu.auth.RedisTests
2026-08-20 22:46:01.618 [main] INFO  com.guoshisan.xiaohongshu.auth.RedisTests - value 值：郭拾叁
2026-08-20 22:46:01.634 [main] INFO  com.guoshisan.xiaohongshu.auth.RedisTests - key 是否存在：false
2026-08-20 22:46:01.663 [SpringApplicationShutdownHook] INFO  com.alibaba.druid.pool.DruidDataSource - {dataSource-1} closing ...
2026-08-20 22:46:01.672 [SpringApplicationShutdownHook] INFO  com.alibaba.druid.pool.DruidDataSource - {dataSource-1} closed
