2026-09-06 00:08:29.558 [Thread-9] WARN  com.alibaba.nacos.common.notify.NotifyCenter - [NotifyCenter] Start destroying Publisher
2026-09-06 00:08:29.558 [Thread-2] WARN  c.alibaba.nacos.common.http.HttpClientBeanHolder - [HttpClientBeanHolder] Start destroying common HttpClient
2026-09-06 00:08:29.558 [Thread-9] WARN  com.alibaba.nacos.common.notify.NotifyCenter - [NotifyCenter] Destruction of the end
2026-09-06 00:08:29.559 [Thread-2] WARN  c.alibaba.nacos.common.http.HttpClientBeanHolder - [HttpClientBeanHolder] Destruction of the end
2026-09-06 00:08:30.474 [http-nio-8080-exec-1] INFO  c.g.f.b.operationlog.aspect.ApiOperationLogAspect - ====== 请求结束: [修改密码], 耗时: 760665ms, 出参: {"success":true,"message":null,"errorCode":null,"data":null} =================================== 
2026-09-06 00:08:30.597 [SpringApplicationShutdownHook] INFO  c.a.cloud.nacos.registry.NacosServiceRegistry - De-registering from Nacos Server now...
2026-09-06 00:08:30.598 [SpringApplicationShutdownHook] INFO  com.alibaba.nacos.client.naming - [DEREGISTER-SERVICE] xiaohongshu deregistering service xiaohongshu-auth with instance: Instance{instanceId='null', ip='192.168.0.103', port=8080, weight=1.0, healthy=true, enabled=true, ephemeral=true, clusterName='DEFAULT', serviceName='null', metadata={}}
2026-09-06 00:08:30.607 [SpringApplicationShutdownHook] INFO  c.a.cloud.nacos.registry.NacosServiceRegistry - De-registration finished.
2026-09-06 00:08:30.607 [SpringApplicationShutdownHook] INFO  com.alibaba.nacos.client.naming - com.alibaba.nacos.client.naming.cache.ServiceInfoHolder do shutdown begin
2026-09-06 00:08:30.608 [SpringApplicationShutdownHook] INFO  com.alibaba.nacos.client.naming - com.alibaba.nacos.client.naming.backups.FailoverReactor do shutdown begin
2026-09-06 00:08:30.609 [SpringApplicationShutdownHook] INFO  com.alibaba.nacos.client.naming - com.alibaba.nacos.client.naming.backups.FailoverReactor do shutdown stop
2026-09-06 00:08:30.609 [SpringApplicationShutdownHook] INFO  com.alibaba.nacos.client.naming - com.alibaba.nacos.client.naming.cache.ServiceInfoHolder do shutdown stop
2026-09-06 00:08:30.609 [SpringApplicationShutdownHook] INFO  com.alibaba.nacos.client.naming - com.alibaba.nacos.client.naming.remote.NamingClientProxyDelegate do shutdown begin
2026-09-06 00:08:30.609 [SpringApplicationShutdownHook] INFO  com.alibaba.nacos.client.naming - com.alibaba.nacos.client.naming.core.ServiceInfoUpdateService do shutdown begin
2026-09-06 00:08:30.609 [SpringApplicationShutdownHook] INFO  com.alibaba.nacos.client.naming - com.alibaba.nacos.client.naming.core.ServiceInfoUpdateService do shutdown stop
2026-09-06 00:08:30.610 [SpringApplicationShutdownHook] INFO  com.alibaba.nacos.client.naming - com.alibaba.nacos.client.naming.core.ServerListManager do shutdown begin
2026-09-06 00:08:30.610 [SpringApplicationShutdownHook] WARN  com.alibaba.nacos.client.naming - [NamingHttpClientManager] Start destroying NacosRestTemplate
2026-09-06 00:08:30.610 [SpringApplicationShutdownHook] WARN  com.alibaba.nacos.client.naming - [NamingHttpClientManager] Destruction of the end
2026-09-06 00:08:30.610 [SpringApplicationShutdownHook] INFO  com.alibaba.nacos.client.naming - com.alibaba.nacos.client.naming.core.ServerListManager do shutdown stop
2026-09-06 00:08:30.610 [SpringApplicationShutdownHook] INFO  com.alibaba.nacos.client.naming - com.alibaba.nacos.client.naming.remote.http.NamingHttpClientProxy do shutdown begin
2026-09-06 00:08:30.610 [SpringApplicationShutdownHook] WARN  com.alibaba.nacos.client.naming - [NamingHttpClientManager] Start destroying NacosRestTemplate
2026-09-06 00:08:30.610 [SpringApplicationShutdownHook] WARN  com.alibaba.nacos.client.naming - [NamingHttpClientManager] Destruction of the end
2026-09-06 00:08:30.610 [SpringApplicationShutdownHook] INFO  com.alibaba.nacos.client.naming - com.alibaba.nacos.client.naming.remote.http.NamingHttpClientProxy do shutdown stop
2026-09-06 00:08:30.610 [SpringApplicationShutdownHook] INFO  com.alibaba.nacos.common.remote.client - Shutdown rpc client, set status to shutdown
2026-09-06 00:08:30.610 [SpringApplicationShutdownHook] INFO  com.alibaba.nacos.common.remote.client - Shutdown client event executor java.util.concurrent.ScheduledThreadPoolExecutor@7f9eb9e[Running, pool size = 2, active threads = 2, queued tasks = 0, completed tasks = 0]
2026-09-06 00:08:30.610 [SpringApplicationShutdownHook] INFO  com.alibaba.nacos.common.remote.client - Close current connection 1788623743906_172.17.0.1_42280
2026-09-06 00:08:30.617 [nacos-grpc-client-executor-127.0.0.1-14] WARN  c.a.nacos.common.remote.client.grpc.GrpcClient - [1788623743906_172.17.0.1_42280]Ignore error event,isRunning:false,isAbandon=false
2026-09-06 00:08:30.617 [SpringApplicationShutdownHook] INFO  c.a.nacos.common.remote.client.grpc.GrpcClient - Shutdown grpc executor java.util.concurrent.ThreadPoolExecutor@18ff4c2e[Running, pool size = 4, active threads = 1, queued tasks = 0, completed tasks = 14]
2026-09-06 00:08:30.617 [SpringApplicationShutdownHook] INFO  com.alibaba.nacos.client.naming - Shutdown grpc redo service executor java.util.concurrent.ScheduledThreadPoolExecutor@4345af4b[Running, pool size = 1, active threads = 0, queued tasks = 1, completed tasks = 3]
2026-09-06 00:08:30.618 [SpringApplicationShutdownHook] INFO  c.a.n.client.auth.ram.identify.CredentialWatcher - [null] CredentialWatcher is stopped
2026-09-06 00:08:30.618 [SpringApplicationShutdownHook] INFO  c.a.n.client.auth.ram.identify.CredentialService - [null] CredentialService is freed
2026-09-06 00:08:30.618 [SpringApplicationShutdownHook] INFO  com.alibaba.nacos.client.naming - com.alibaba.nacos.client.naming.remote.NamingClientProxyDelegate do shutdown stop
2026-09-06 00:08:30.756 [SpringApplicationShutdownHook] INFO  com.alibaba.druid.pool.DruidDataSource - {dataSource-1} closing ...
2026-09-06 00:08:30.766 [SpringApplicationShutdownHook] INFO  com.alibaba.druid.pool.DruidDataSource - {dataSource-1} closed
2026-09-06 00:08:45.888 [main] WARN  com.alibaba.nacos.client.logging.NacosLogging - Load Logback Configuration of Nacos fail, message: Could not initialize Logback Nacos logging from classpath:nacos-logback.xml
2026-09-06 00:08:45.950 [main] WARN  com.alibaba.nacos.client.logging.NacosLogging - Load Logback Configuration of Nacos fail, message: Could not initialize Logback Nacos logging from classpath:nacos-logback.xml
2026-09-06 00:08:46.151 [main] WARN  com.alibaba.nacos.client.logging.NacosLogging - Load Logback Configuration of Nacos fail, message: Could not initialize Logback Nacos logging from classpath:nacos-logback.xml
2026-09-06 00:08:46.152 [main] INFO  com.alibaba.nacos.client.utils.ParamUtil - [settings] [req-serv] nacos-server port:8848
2026-09-06 00:08:46.153 [main] INFO  com.alibaba.nacos.client.utils.ParamUtil - [settings] [http-client] connect timeout:1000
2026-09-06 00:08:46.153 [main] INFO  com.alibaba.nacos.client.utils.ParamUtil - PER_TASK_CONFIG_SIZE: 3000.0
2026-09-06 00:08:46.174 [main] INFO  c.a.n.p.auth.spi.client.ClientAuthPluginManager - [ClientAuthPluginManager] Load ClientAuthService com.alibaba.nacos.client.auth.impl.NacosClientAuthServiceImpl success.
2026-09-06 00:08:46.174 [main] INFO  c.a.n.p.auth.spi.client.ClientAuthPluginManager - [ClientAuthPluginManager] Load ClientAuthService com.alibaba.nacos.client.auth.ram.RamClientAuthServiceImpl success.
2026-09-06 00:08:46.177 [main] INFO  c.a.n.client.auth.ram.identify.CredentialWatcher - null No credential found
2026-09-06 00:08:46.720 [main] WARN  com.alibaba.nacos.client.logging.NacosLogging - Load Logback Configuration of Nacos fail, message: Could not initialize Logback Nacos logging from classpath:nacos-logback.xml
2026-09-06 00:08:46.733 [main] INFO  c.a.n.client.config.impl.LocalConfigInfoProcessor - LOCAL_SNAPSHOT_PATH:C:\Users\Administrator\nacos\config
2026-09-06 00:08:46.738 [main] INFO  com.alibaba.nacos.common.remote.client - [RpcClientFactory] create a new rpc client of 5da5b035-d766-4bae-bfcb-e850c4e8289f_config-0
2026-09-06 00:08:46.754 [main] INFO  com.alibaba.nacos.common.remote.client - [5da5b035-d766-4bae-bfcb-e850c4e8289f_config-0] Register server push request handler:com.alibaba.nacos.client.config.impl.ClientWorker$ConfigRpcTransportClient$$Lambda$584/0x000001b2b63ccfb8
2026-09-06 00:08:46.754 [main] INFO  com.alibaba.nacos.common.remote.client - [5da5b035-d766-4bae-bfcb-e850c4e8289f_config-0] Register server push request handler:com.alibaba.nacos.client.config.impl.ClientWorker$ConfigRpcTransportClient$$Lambda$585/0x000001b2b63cd3d8
2026-09-06 00:08:46.755 [main] INFO  com.alibaba.nacos.common.remote.client - [5da5b035-d766-4bae-bfcb-e850c4e8289f_config-0] Registry connection listener to current client:com.alibaba.nacos.client.config.impl.ClientWorker$ConfigRpcTransportClient$1
2026-09-06 00:08:46.755 [main] INFO  com.alibaba.nacos.common.remote.client - [5da5b035-d766-4bae-bfcb-e850c4e8289f_config-0] RpcClient init, ServerListFactory = com.alibaba.nacos.client.config.impl.ClientWorker$ConfigRpcTransportClient$2
2026-09-06 00:08:46.762 [main] INFO  com.alibaba.nacos.common.remote.client - [5da5b035-d766-4bae-bfcb-e850c4e8289f_config-0] Try to connect to server on start up, server: {serverIp = '127.0.0.1', server main port = 8848}
2026-09-06 00:08:46.797 [main] INFO  c.a.nacos.common.remote.client.grpc.GrpcClient - grpc client connection server:127.0.0.1 ip,serverPort:9848,grpcTslConfig:{"sslProvider":"OPENSSL","enableTls":false,"mutualAuthEnable":false,"trustAll":false}
2026-09-06 00:08:48.067 [main] INFO  com.alibaba.nacos.common.remote.client - [5da5b035-d766-4bae-bfcb-e850c4e8289f_config-0] Success to connect to server [127.0.0.1:8848] on start up, connectionId = 1788624527863_172.17.0.1_50464
2026-09-06 00:08:48.068 [com.alibaba.nacos.client.remote.worker] INFO  com.alibaba.nacos.common.remote.client - [5da5b035-d766-4bae-bfcb-e850c4e8289f_config-0] Notify connected event to listeners.
2026-09-06 00:08:48.068 [com.alibaba.nacos.client.remote.worker] INFO  com.alibaba.nacos.client.config.impl.ClientWorker - [5da5b035-d766-4bae-bfcb-e850c4e8289f_config-0] Connected,notify listen context...
2026-09-06 00:08:48.068 [main] INFO  com.alibaba.nacos.common.remote.client - [5da5b035-d766-4bae-bfcb-e850c4e8289f_config-0] Register server push request handler:com.alibaba.nacos.common.remote.client.RpcClient$ConnectResetRequestHandler
2026-09-06 00:08:48.068 [main] INFO  com.alibaba.nacos.common.remote.client - [5da5b035-d766-4bae-bfcb-e850c4e8289f_config-0] Register server push request handler:com.alibaba.nacos.common.remote.client.RpcClient$$Lambda$605/0x000001b2b65151f0
2026-09-06 00:08:48.111 [main] INFO  com.alibaba.nacos.client.config.impl.Limiter - limitTime:5.0
2026-09-06 00:08:48.151 [main] INFO  com.alibaba.nacos.client.config.utils.JvmUtil - isMultiInstance:false
2026-09-06 00:08:48.170 [main] WARN  c.a.cloud.nacos.client.NacosPropertySourceBuilder - Ignore the empty nacos configuration and get it based on dataId[xiaohongshu-auth.yaml] & group[DEFAULT_GROUP]
2026-09-06 00:08:48.193 [main] INFO  o.s.c.b.c.PropertySourceBootstrapConfiguration - Located property source: [BootstrapPropertySource {name='bootstrapProperties-xiaohongshu-auth-dev.yaml,DEFAULT_GROUP'}, BootstrapPropertySource {name='bootstrapProperties-xiaohongshu-auth.yaml,DEFAULT_GROUP'}, BootstrapPropertySource {name='bootstrapProperties-xiaohongshu-auth,DEFAULT_GROUP'}]
2026-09-06 00:08:48.229 [main] WARN  com.alibaba.nacos.client.logging.NacosLogging - Load Logback Configuration of Nacos fail, message: Could not initialize Logback Nacos logging from classpath:nacos-logback.xml
2026-09-06 00:08:48.230 [main] INFO  c.g.xiaohongshu.auth.XiaohongshuAuthApplication - The following 1 profile is active: "dev"
2026-09-06 00:08:48.944 [main] INFO  o.s.d.r.config.RepositoryConfigurationDelegate - Multiple Spring Data modules found, entering strict repository configuration mode
2026-09-06 00:08:48.946 [main] INFO  o.s.d.r.config.RepositoryConfigurationDelegate - Bootstrapping Spring Data Redis repositories in DEFAULT mode.
2026-09-06 00:08:48.968 [main] INFO  o.s.d.r.config.RepositoryConfigurationDelegate - Finished Spring Data repository scanning in 9 ms. Found 0 Redis repository interfaces.
2026-09-06 00:08:49.133 [main] INFO  o.springframework.cloud.context.scope.GenericScope - BeanFactory id=2d41976f-8878-33e3-b096-896e8e208f1f
2026-09-06 00:08:49.844 [main] INFO  o.s.boot.web.embedded.tomcat.TomcatWebServer - Tomcat initialized with port(s): 8080 (http)
2026-09-06 00:08:49.859 [main] INFO  org.apache.catalina.core.StandardService - Starting service [Tomcat]
2026-09-06 00:08:49.859 [main] INFO  org.apache.catalina.core.StandardEngine - Starting Servlet engine: [Apache Tomcat/10.1.5]
2026-09-06 00:08:49.964 [main] INFO  o.a.c.core.ContainerBase.[Tomcat].[localhost].[/] - Initializing Spring embedded WebApplicationContext
2026-09-06 00:08:49.964 [main] INFO  o.s.b.w.s.c.ServletWebServerApplicationContext - Root WebApplicationContext: initialization completed in 1708 ms
2026-09-06 00:08:50.110 [main] INFO  c.a.d.s.b.a.DruidDataSourceAutoConfigure - Init DruidDataSource
2026-09-06 00:08:50.489 [main] INFO  com.alibaba.druid.pool.DruidDataSource - {dataSource-1} inited
2026-09-06 00:08:52.914 [main] INFO  o.s.boot.web.embedded.tomcat.TomcatWebServer - Tomcat started on port(s): 8080 (http) with context path ''
2026-09-06 00:08:52.918 [main] INFO  com.alibaba.nacos.client.naming - initializer namespace from ans.namespace attribute : null
2026-09-06 00:08:52.919 [main] INFO  com.alibaba.nacos.client.naming - initializer namespace from ALIBABA_ALIWARE_NAMESPACE attribute :null
2026-09-06 00:08:52.919 [main] INFO  com.alibaba.nacos.client.naming - initializer namespace from namespace attribute :null
2026-09-06 00:08:52.928 [main] INFO  c.a.n.p.auth.spi.client.ClientAuthPluginManager - [ClientAuthPluginManager] Load ClientAuthService com.alibaba.nacos.client.auth.impl.NacosClientAuthServiceImpl success.
2026-09-06 00:08:52.928 [main] INFO  c.a.n.p.auth.spi.client.ClientAuthPluginManager - [ClientAuthPluginManager] Load ClientAuthService com.alibaba.nacos.client.auth.ram.RamClientAuthServiceImpl success.
2026-09-06 00:08:52.932 [main] INFO  com.alibaba.nacos.common.remote.client - [RpcClientFactory] create a new rpc client of 39e34393-617b-44dd-8216-588695961c2a
2026-09-06 00:08:52.933 [main] INFO  com.alibaba.nacos.common.remote.client - [39e34393-617b-44dd-8216-588695961c2a] RpcClient init, ServerListFactory = com.alibaba.nacos.client.naming.core.ServerListManager
2026-09-06 00:08:52.934 [main] INFO  com.alibaba.nacos.common.remote.client - [39e34393-617b-44dd-8216-588695961c2a] Registry connection listener to current client:com.alibaba.nacos.client.naming.remote.gprc.redo.NamingGrpcRedoService
2026-09-06 00:08:52.934 [main] INFO  com.alibaba.nacos.common.remote.client - [39e34393-617b-44dd-8216-588695961c2a] Register server push request handler:com.alibaba.nacos.client.naming.remote.gprc.NamingPushRequestHandler
2026-09-06 00:08:52.934 [main] INFO  com.alibaba.nacos.common.remote.client - [39e34393-617b-44dd-8216-588695961c2a] Try to connect to server on start up, server: {serverIp = '127.0.0.1', server main port = 8848}
2026-09-06 00:08:52.935 [main] INFO  c.a.nacos.common.remote.client.grpc.GrpcClient - grpc client connection server:127.0.0.1 ip,serverPort:9848,grpcTslConfig:{"sslProvider":"OPENSSL","enableTls":false,"mutualAuthEnable":false,"trustAll":false}
2026-09-06 00:08:53.063 [main] INFO  com.alibaba.nacos.common.remote.client - [39e34393-617b-44dd-8216-588695961c2a] Success to connect to server [127.0.0.1:8848] on start up, connectionId = 1788624532942_172.17.0.1_50472
2026-09-06 00:08:53.063 [main] INFO  com.alibaba.nacos.common.remote.client - [39e34393-617b-44dd-8216-588695961c2a] Register server push request handler:com.alibaba.nacos.common.remote.client.RpcClient$ConnectResetRequestHandler
2026-09-06 00:08:53.063 [main] INFO  com.alibaba.nacos.common.remote.client - [39e34393-617b-44dd-8216-588695961c2a] Register server push request handler:com.alibaba.nacos.common.remote.client.RpcClient$$Lambda$605/0x000001b2b65151f0
2026-09-06 00:08:53.063 [com.alibaba.nacos.client.remote.worker] INFO  com.alibaba.nacos.common.remote.client - [39e34393-617b-44dd-8216-588695961c2a] Notify connected event to listeners.
2026-09-06 00:08:53.064 [com.alibaba.nacos.client.remote.worker] INFO  com.alibaba.nacos.client.naming - Grpc connection connect
2026-09-06 00:08:53.065 [main] INFO  com.alibaba.nacos.client.naming - [REGISTER-SERVICE] xiaohongshu registering service xiaohongshu-auth with instance Instance{instanceId='null', ip='192.168.0.103', port=8080, weight=1.0, healthy=true, enabled=true, ephemeral=true, clusterName='DEFAULT', serviceName='null', metadata={IPv6=null, preserved.register.source=SPRING_CLOUD}}
2026-09-06 00:08:53.079 [main] INFO  c.a.cloud.nacos.registry.NacosServiceRegistry - nacos registry, DEFAULT_GROUP xiaohongshu-auth 192.168.0.103:8080 register finished
2026-09-06 00:08:53.538 [main] INFO  c.g.xiaohongshu.auth.XiaohongshuAuthApplication - Started XiaohongshuAuthApplication in 8.67 seconds (process running for 9.614)
2026-09-06 00:08:53.539 [main] INFO  c.g.x.auth.runner.PushRolePermissions2RedisRunner - ==> 服务启动，开始同步角色权限数据到 Redis 中...
2026-09-06 00:08:53.994 [main] WARN  c.g.x.auth.runner.PushRolePermissions2RedisRunner - ==> 角色权限数据已经同步至 Redis 中，不再同步...
2026-09-06 00:08:53.996 [main] INFO  com.alibaba.nacos.client.config.impl.CacheData - nacos.cache.data.init.snapshot = true 
2026-09-06 00:08:53.997 [main] INFO  com.alibaba.nacos.client.config.impl.ClientWorker - [fixed-xiaohongshu-127.0.0.1_8848] [subscribe] xiaohongshu-auth.yaml+DEFAULT_GROUP+xiaohongshu
2026-09-06 00:08:54.002 [main] INFO  com.alibaba.nacos.client.config.impl.CacheData - [fixed-xiaohongshu-127.0.0.1_8848] [add-listener] ok, tenant=xiaohongshu, dataId=xiaohongshu-auth.yaml, group=DEFAULT_GROUP, cnt=1
2026-09-06 00:08:54.003 [main] INFO  c.a.cloud.nacos.refresh.NacosContextRefresher - [Nacos Config] Listening config: dataId=xiaohongshu-auth.yaml, group=DEFAULT_GROUP
2026-09-06 00:08:54.003 [main] INFO  com.alibaba.nacos.client.config.impl.ClientWorker - [fixed-xiaohongshu-127.0.0.1_8848] [subscribe] xiaohongshu-auth-dev.yaml+DEFAULT_GROUP+xiaohongshu
2026-09-06 00:08:54.003 [main] INFO  com.alibaba.nacos.client.config.impl.CacheData - [fixed-xiaohongshu-127.0.0.1_8848] [add-listener] ok, tenant=xiaohongshu, dataId=xiaohongshu-auth-dev.yaml, group=DEFAULT_GROUP, cnt=1
2026-09-06 00:08:54.004 [main] INFO  c.a.cloud.nacos.refresh.NacosContextRefresher - [Nacos Config] Listening config: dataId=xiaohongshu-auth-dev.yaml, group=DEFAULT_GROUP
2026-09-06 00:08:54.004 [main] INFO  com.alibaba.nacos.client.config.impl.ClientWorker - [fixed-xiaohongshu-127.0.0.1_8848] [subscribe] xiaohongshu-auth+DEFAULT_GROUP+xiaohongshu
2026-09-06 00:08:54.004 [main] INFO  com.alibaba.nacos.client.config.impl.CacheData - [fixed-xiaohongshu-127.0.0.1_8848] [add-listener] ok, tenant=xiaohongshu, dataId=xiaohongshu-auth, group=DEFAULT_GROUP, cnt=1
2026-09-06 00:08:54.004 [main] INFO  c.a.cloud.nacos.refresh.NacosContextRefresher - [Nacos Config] Listening config: dataId=xiaohongshu-auth, group=DEFAULT_GROUP
2026-09-06 00:08:59.891 [http-nio-8080-exec-1] INFO  o.a.c.core.ContainerBase.[Tomcat].[localhost].[/] - Initializing Spring DispatcherServlet 'dispatcherServlet'
2026-09-06 00:08:59.891 [http-nio-8080-exec-1] INFO  org.springframework.web.servlet.DispatcherServlet - Initializing Servlet 'dispatcherServlet'
2026-09-06 00:08:59.893 [http-nio-8080-exec-1] INFO  org.springframework.web.servlet.DispatcherServlet - Completed initialization in 1 ms
2026-09-06 00:09:00.062 [http-nio-8080-exec-1] INFO  c.g.f.b.operationlog.aspect.ApiOperationLogAspect - ====== 请求开始: [修改密码], 入参: {"newPassword":"123456"}, 请求类: UserController, 请求方法: updatePassword =================================== 
2026-09-06 00:44:04.038 [Thread-9] WARN  com.alibaba.nacos.common.notify.NotifyCenter - [NotifyCenter] Start destroying Publisher
2026-09-06 00:44:04.038 [Thread-2] WARN  c.alibaba.nacos.common.http.HttpClientBeanHolder - [HttpClientBeanHolder] Start destroying common HttpClient
2026-09-06 00:44:04.041 [Thread-9] WARN  com.alibaba.nacos.common.notify.NotifyCenter - [NotifyCenter] Destruction of the end
2026-09-06 00:44:04.043 [Thread-2] WARN  c.alibaba.nacos.common.http.HttpClientBeanHolder - [HttpClientBeanHolder] Destruction of the end
2026-09-06 00:44:05.462 [http-nio-8080-exec-1] INFO  c.g.f.b.operationlog.aspect.ApiOperationLogAspect - ====== 请求结束: [修改密码], 耗时: 2105399ms, 出参: {"success":true,"message":null,"errorCode":null,"data":null} =================================== 
2026-09-06 00:44:05.716 [SpringApplicationShutdownHook] INFO  c.a.cloud.nacos.registry.NacosServiceRegistry - De-registering from Nacos Server now...
2026-09-06 00:44:05.717 [SpringApplicationShutdownHook] INFO  com.alibaba.nacos.client.naming - [DEREGISTER-SERVICE] xiaohongshu deregistering service xiaohongshu-auth with instance: Instance{instanceId='null', ip='192.168.0.103', port=8080, weight=1.0, healthy=true, enabled=true, ephemeral=true, clusterName='DEFAULT', serviceName='null', metadata={}}
2026-09-06 00:44:05.772 [SpringApplicationShutdownHook] INFO  c.a.cloud.nacos.registry.NacosServiceRegistry - De-registration finished.
2026-09-06 00:44:05.773 [SpringApplicationShutdownHook] INFO  com.alibaba.nacos.client.naming - com.alibaba.nacos.client.naming.cache.ServiceInfoHolder do shutdown begin
2026-09-06 00:44:05.774 [SpringApplicationShutdownHook] INFO  com.alibaba.nacos.client.naming - com.alibaba.nacos.client.naming.backups.FailoverReactor do shutdown begin
2026-09-06 00:44:05.774 [SpringApplicationShutdownHook] INFO  com.alibaba.nacos.client.naming - com.alibaba.nacos.client.naming.backups.FailoverReactor do shutdown stop
2026-09-06 00:44:05.775 [SpringApplicationShutdownHook] INFO  com.alibaba.nacos.client.naming - com.alibaba.nacos.client.naming.cache.ServiceInfoHolder do shutdown stop
2026-09-06 00:44:05.775 [SpringApplicationShutdownHook] INFO  com.alibaba.nacos.client.naming - com.alibaba.nacos.client.naming.remote.NamingClientProxyDelegate do shutdown begin
2026-09-06 00:44:05.775 [SpringApplicationShutdownHook] INFO  com.alibaba.nacos.client.naming - com.alibaba.nacos.client.naming.core.ServiceInfoUpdateService do shutdown begin
2026-09-06 00:44:05.775 [SpringApplicationShutdownHook] INFO  com.alibaba.nacos.client.naming - com.alibaba.nacos.client.naming.core.ServiceInfoUpdateService do shutdown stop
2026-09-06 00:44:05.775 [SpringApplicationShutdownHook] INFO  com.alibaba.nacos.client.naming - com.alibaba.nacos.client.naming.core.ServerListManager do shutdown begin
2026-09-06 00:44:05.775 [SpringApplicationShutdownHook] WARN  com.alibaba.nacos.client.naming - [NamingHttpClientManager] Start destroying NacosRestTemplate
2026-09-06 00:44:05.776 [SpringApplicationShutdownHook] WARN  com.alibaba.nacos.client.naming - [NamingHttpClientManager] Destruction of the end
2026-09-06 00:44:05.776 [SpringApplicationShutdownHook] INFO  com.alibaba.nacos.client.naming - com.alibaba.nacos.client.naming.core.ServerListManager do shutdown stop
2026-09-06 00:44:05.776 [SpringApplicationShutdownHook] INFO  com.alibaba.nacos.client.naming - com.alibaba.nacos.client.naming.remote.http.NamingHttpClientProxy do shutdown begin
2026-09-06 00:44:05.776 [SpringApplicationShutdownHook] WARN  com.alibaba.nacos.client.naming - [NamingHttpClientManager] Start destroying NacosRestTemplate
2026-09-06 00:44:05.776 [SpringApplicationShutdownHook] WARN  com.alibaba.nacos.client.naming - [NamingHttpClientManager] Destruction of the end
2026-09-06 00:44:05.776 [SpringApplicationShutdownHook] INFO  com.alibaba.nacos.client.naming - com.alibaba.nacos.client.naming.remote.http.NamingHttpClientProxy do shutdown stop
2026-09-06 00:44:05.776 [SpringApplicationShutdownHook] INFO  com.alibaba.nacos.common.remote.client - Shutdown rpc client, set status to shutdown
2026-09-06 00:44:05.776 [SpringApplicationShutdownHook] INFO  com.alibaba.nacos.common.remote.client - Shutdown client event executor java.util.concurrent.ScheduledThreadPoolExecutor@63c36065[Running, pool size = 2, active threads = 2, queued tasks = 0, completed tasks = 0]
2026-09-06 00:44:05.777 [SpringApplicationShutdownHook] INFO  com.alibaba.nacos.common.remote.client - Close current connection 1788624532942_172.17.0.1_50472
2026-09-06 00:44:05.791 [nacos-grpc-client-executor-127.0.0.1-8] INFO  c.a.nacos.common.remote.client.grpc.GrpcClient - [1788624532942_172.17.0.1_50472]Ignore complete event,isRunning:false,isAbandon=false
2026-09-06 00:44:05.805 [SpringApplicationShutdownHook] INFO  c.a.nacos.common.remote.client.grpc.GrpcClient - Shutdown grpc executor java.util.concurrent.ThreadPoolExecutor@740d2eb0[Running, pool size = 3, active threads = 0, queued tasks = 0, completed tasks = 9]
2026-09-06 00:44:05.806 [SpringApplicationShutdownHook] INFO  com.alibaba.nacos.client.naming - Shutdown grpc redo service executor java.util.concurrent.ScheduledThreadPoolExecutor@72662b17[Running, pool size = 1, active threads = 0, queued tasks = 1, completed tasks = 3]
2026-09-06 00:44:05.807 [SpringApplicationShutdownHook] INFO  c.a.n.client.auth.ram.identify.CredentialWatcher - [null] CredentialWatcher is stopped
2026-09-06 00:44:05.808 [SpringApplicationShutdownHook] INFO  c.a.n.client.auth.ram.identify.CredentialService - [null] CredentialService is freed
2026-09-06 00:44:05.810 [SpringApplicationShutdownHook] INFO  com.alibaba.nacos.client.naming - com.alibaba.nacos.client.naming.remote.NamingClientProxyDelegate do shutdown stop
2026-09-06 00:44:06.024 [SpringApplicationShutdownHook] INFO  com.alibaba.druid.pool.DruidDataSource - {dataSource-1} closing ...
2026-09-06 00:44:06.032 [SpringApplicationShutdownHook] INFO  com.alibaba.druid.pool.DruidDataSource - {dataSource-1} closed
2026-09-06 02:01:19.443 [main] WARN  com.alibaba.nacos.client.logging.NacosLogging - Load Logback Configuration of Nacos fail, message: Could not initialize Logback Nacos logging from classpath:nacos-logback.xml
2026-09-06 02:01:19.529 [main] WARN  com.alibaba.nacos.client.logging.NacosLogging - Load Logback Configuration of Nacos fail, message: Could not initialize Logback Nacos logging from classpath:nacos-logback.xml
2026-09-06 02:01:19.795 [main] WARN  com.alibaba.nacos.client.logging.NacosLogging - Load Logback Configuration of Nacos fail, message: Could not initialize Logback Nacos logging from classpath:nacos-logback.xml
2026-09-06 02:01:19.797 [main] INFO  com.alibaba.nacos.client.utils.ParamUtil - [settings] [req-serv] nacos-server port:8848
2026-09-06 02:01:19.797 [main] INFO  com.alibaba.nacos.client.utils.ParamUtil - [settings] [http-client] connect timeout:1000
2026-09-06 02:01:19.798 [main] INFO  com.alibaba.nacos.client.utils.ParamUtil - PER_TASK_CONFIG_SIZE: 3000.0
2026-09-06 02:01:19.828 [main] INFO  c.a.n.p.auth.spi.client.ClientAuthPluginManager - [ClientAuthPluginManager] Load ClientAuthService com.alibaba.nacos.client.auth.impl.NacosClientAuthServiceImpl success.
2026-09-06 02:01:19.828 [main] INFO  c.a.n.p.auth.spi.client.ClientAuthPluginManager - [ClientAuthPluginManager] Load ClientAuthService com.alibaba.nacos.client.auth.ram.RamClientAuthServiceImpl success.
2026-09-06 02:01:19.832 [main] INFO  c.a.n.client.auth.ram.identify.CredentialWatcher - null No credential found
2026-09-06 02:01:20.635 [main] WARN  com.alibaba.nacos.client.logging.NacosLogging - Load Logback Configuration of Nacos fail, message: Could not initialize Logback Nacos logging from classpath:nacos-logback.xml
2026-09-06 02:01:20.654 [main] INFO  c.a.n.client.config.impl.LocalConfigInfoProcessor - LOCAL_SNAPSHOT_PATH:C:\Users\Administrator\nacos\config
2026-09-06 02:01:20.661 [main] INFO  com.alibaba.nacos.common.remote.client - [RpcClientFactory] create a new rpc client of 0f345a3c-5111-48f8-a474-c03e744d1e3c_config-0
2026-09-06 02:01:20.685 [main] INFO  com.alibaba.nacos.common.remote.client - [0f345a3c-5111-48f8-a474-c03e744d1e3c_config-0] Register server push request handler:com.alibaba.nacos.client.config.impl.ClientWorker$ConfigRpcTransportClient$$Lambda$585/0x0000028501391060
2026-09-06 02:01:20.686 [main] INFO  com.alibaba.nacos.common.remote.client - [0f345a3c-5111-48f8-a474-c03e744d1e3c_config-0] Register server push request handler:com.alibaba.nacos.client.config.impl.ClientWorker$ConfigRpcTransportClient$$Lambda$586/0x0000028501391480
2026-09-06 02:01:20.687 [main] INFO  com.alibaba.nacos.common.remote.client - [0f345a3c-5111-48f8-a474-c03e744d1e3c_config-0] Registry connection listener to current client:com.alibaba.nacos.client.config.impl.ClientWorker$ConfigRpcTransportClient$1
2026-09-06 02:01:20.687 [main] INFO  com.alibaba.nacos.common.remote.client - [0f345a3c-5111-48f8-a474-c03e744d1e3c_config-0] RpcClient init, ServerListFactory = com.alibaba.nacos.client.config.impl.ClientWorker$ConfigRpcTransportClient$2
2026-09-06 02:01:20.698 [main] INFO  com.alibaba.nacos.common.remote.client - [0f345a3c-5111-48f8-a474-c03e744d1e3c_config-0] Try to connect to server on start up, server: {serverIp = '127.0.0.1', server main port = 8848}
2026-09-06 02:01:20.764 [main] INFO  c.a.nacos.common.remote.client.grpc.GrpcClient - grpc client connection server:127.0.0.1 ip,serverPort:9848,grpcTslConfig:{"sslProvider":"OPENSSL","enableTls":false,"mutualAuthEnable":false,"trustAll":false}
2026-09-06 02:01:22.246 [main] INFO  com.alibaba.nacos.common.remote.client - [0f345a3c-5111-48f8-a474-c03e744d1e3c_config-0] Success to connect to server [127.0.0.1:8848] on start up, connectionId = 1788631282036_172.17.0.1_48086
2026-09-06 02:01:22.247 [com.alibaba.nacos.client.remote.worker] INFO  com.alibaba.nacos.common.remote.client - [0f345a3c-5111-48f8-a474-c03e744d1e3c_config-0] Notify connected event to listeners.
2026-09-06 02:01:22.248 [main] INFO  com.alibaba.nacos.common.remote.client - [0f345a3c-5111-48f8-a474-c03e744d1e3c_config-0] Register server push request handler:com.alibaba.nacos.common.remote.client.RpcClient$ConnectResetRequestHandler
2026-09-06 02:01:22.248 [com.alibaba.nacos.client.remote.worker] INFO  com.alibaba.nacos.client.config.impl.ClientWorker - [0f345a3c-5111-48f8-a474-c03e744d1e3c_config-0] Connected,notify listen context...
2026-09-06 02:01:22.249 [main] INFO  com.alibaba.nacos.common.remote.client - [0f345a3c-5111-48f8-a474-c03e744d1e3c_config-0] Register server push request handler:com.alibaba.nacos.common.remote.client.RpcClient$$Lambda$606/0x00000285014dac38
2026-09-06 02:01:22.312 [main] INFO  com.alibaba.nacos.client.config.impl.Limiter - limitTime:5.0
2026-09-06 02:01:22.350 [main] INFO  com.alibaba.nacos.client.config.utils.JvmUtil - isMultiInstance:false
2026-09-06 02:01:22.366 [main] WARN  c.a.cloud.nacos.client.NacosPropertySourceBuilder - Ignore the empty nacos configuration and get it based on dataId[xiaohongshu-auth.yaml] & group[DEFAULT_GROUP]
2026-09-06 02:01:22.395 [main] INFO  o.s.c.b.c.PropertySourceBootstrapConfiguration - Located property source: [BootstrapPropertySource {name='bootstrapProperties-xiaohongshu-auth-dev.yaml,DEFAULT_GROUP'}, BootstrapPropertySource {name='bootstrapProperties-xiaohongshu-auth.yaml,DEFAULT_GROUP'}, BootstrapPropertySource {name='bootstrapProperties-xiaohongshu-auth,DEFAULT_GROUP'}]
2026-09-06 02:01:22.431 [main] WARN  com.alibaba.nacos.client.logging.NacosLogging - Load Logback Configuration of Nacos fail, message: Could not initialize Logback Nacos logging from classpath:nacos-logback.xml
2026-09-06 02:01:22.432 [main] INFO  c.g.xiaohongshu.auth.XiaohongshuAuthApplication - The following 1 profile is active: "dev"
2026-09-06 02:01:23.484 [main] INFO  o.s.d.r.config.RepositoryConfigurationDelegate - Multiple Spring Data modules found, entering strict repository configuration mode
2026-09-06 02:01:23.491 [main] INFO  o.s.d.r.config.RepositoryConfigurationDelegate - Bootstrapping Spring Data Redis repositories in DEFAULT mode.
2026-09-06 02:01:23.572 [main] INFO  o.s.d.r.config.RepositoryConfigurationDelegate - Finished Spring Data repository scanning in 33 ms. Found 0 Redis repository interfaces.
2026-09-06 02:01:23.993 [main] INFO  o.springframework.cloud.context.scope.GenericScope - BeanFactory id=56907ad1-7ca9-3c73-9bf1-a92455c26344
2026-09-06 02:01:24.916 [main] INFO  o.s.boot.web.embedded.tomcat.TomcatWebServer - Tomcat initialized with port(s): 8080 (http)
2026-09-06 02:01:24.934 [main] INFO  org.apache.catalina.core.StandardService - Starting service [Tomcat]
2026-09-06 02:01:24.934 [main] INFO  org.apache.catalina.core.StandardEngine - Starting Servlet engine: [Apache Tomcat/10.1.5]
2026-09-06 02:01:25.052 [main] INFO  o.a.c.core.ContainerBase.[Tomcat].[localhost].[/] - Initializing Spring embedded WebApplicationContext
2026-09-06 02:01:25.053 [main] INFO  o.s.b.w.s.c.ServletWebServerApplicationContext - Root WebApplicationContext: initialization completed in 2597 ms
2026-09-06 02:01:25.173 [main] INFO  c.a.d.s.b.a.DruidDataSourceAutoConfigure - Init DruidDataSource
2026-09-06 02:01:25.615 [main] INFO  com.alibaba.druid.pool.DruidDataSource - {dataSource-1} inited
2026-09-06 02:01:28.438 [main] INFO  o.s.boot.web.embedded.tomcat.TomcatWebServer - Tomcat started on port(s): 8080 (http) with context path ''
2026-09-06 02:01:28.442 [main] INFO  com.alibaba.nacos.client.naming - initializer namespace from ans.namespace attribute : null
2026-09-06 02:01:28.442 [main] INFO  com.alibaba.nacos.client.naming - initializer namespace from ALIBABA_ALIWARE_NAMESPACE attribute :null
2026-09-06 02:01:28.443 [main] INFO  com.alibaba.nacos.client.naming - initializer namespace from namespace attribute :null
2026-09-06 02:01:28.452 [main] INFO  c.a.n.p.auth.spi.client.ClientAuthPluginManager - [ClientAuthPluginManager] Load ClientAuthService com.alibaba.nacos.client.auth.impl.NacosClientAuthServiceImpl success.
2026-09-06 02:01:28.453 [main] INFO  c.a.n.p.auth.spi.client.ClientAuthPluginManager - [ClientAuthPluginManager] Load ClientAuthService com.alibaba.nacos.client.auth.ram.RamClientAuthServiceImpl success.
2026-09-06 02:01:28.456 [main] INFO  com.alibaba.nacos.common.remote.client - [RpcClientFactory] create a new rpc client of 6c737565-e3fa-4c07-84de-d5d50a30d448
2026-09-06 02:01:28.458 [main] INFO  com.alibaba.nacos.common.remote.client - [6c737565-e3fa-4c07-84de-d5d50a30d448] RpcClient init, ServerListFactory = com.alibaba.nacos.client.naming.core.ServerListManager
2026-09-06 02:01:28.458 [main] INFO  com.alibaba.nacos.common.remote.client - [6c737565-e3fa-4c07-84de-d5d50a30d448] Registry connection listener to current client:com.alibaba.nacos.client.naming.remote.gprc.redo.NamingGrpcRedoService
2026-09-06 02:01:28.458 [main] INFO  com.alibaba.nacos.common.remote.client - [6c737565-e3fa-4c07-84de-d5d50a30d448] Register server push request handler:com.alibaba.nacos.client.naming.remote.gprc.NamingPushRequestHandler
2026-09-06 02:01:28.459 [main] INFO  com.alibaba.nacos.common.remote.client - [6c737565-e3fa-4c07-84de-d5d50a30d448] Try to connect to server on start up, server: {serverIp = '127.0.0.1', server main port = 8848}
2026-09-06 02:01:28.459 [main] INFO  c.a.nacos.common.remote.client.grpc.GrpcClient - grpc client connection server:127.0.0.1 ip,serverPort:9848,grpcTslConfig:{"sslProvider":"OPENSSL","enableTls":false,"mutualAuthEnable":false,"trustAll":false}
2026-09-06 02:01:28.576 [main] INFO  com.alibaba.nacos.common.remote.client - [6c737565-e3fa-4c07-84de-d5d50a30d448] Success to connect to server [127.0.0.1:8848] on start up, connectionId = 1788631288468_172.17.0.1_51104
2026-09-06 02:01:28.576 [com.alibaba.nacos.client.remote.worker] INFO  com.alibaba.nacos.common.remote.client - [6c737565-e3fa-4c07-84de-d5d50a30d448] Notify connected event to listeners.
2026-09-06 02:01:28.576 [com.alibaba.nacos.client.remote.worker] INFO  com.alibaba.nacos.client.naming - Grpc connection connect
2026-09-06 02:01:28.576 [main] INFO  com.alibaba.nacos.common.remote.client - [6c737565-e3fa-4c07-84de-d5d50a30d448] Register server push request handler:com.alibaba.nacos.common.remote.client.RpcClient$ConnectResetRequestHandler
2026-09-06 02:01:28.577 [main] INFO  com.alibaba.nacos.common.remote.client - [6c737565-e3fa-4c07-84de-d5d50a30d448] Register server push request handler:com.alibaba.nacos.common.remote.client.RpcClient$$Lambda$606/0x00000285014dac38
2026-09-06 02:01:28.577 [main] INFO  com.alibaba.nacos.client.naming - [REGISTER-SERVICE] xiaohongshu registering service xiaohongshu-auth with instance Instance{instanceId='null', ip='192.168.0.103', port=8080, weight=1.0, healthy=true, enabled=true, ephemeral=true, clusterName='DEFAULT', serviceName='null', metadata={IPv6=null, preserved.register.source=SPRING_CLOUD}}
2026-09-06 02:01:28.592 [main] INFO  c.a.cloud.nacos.registry.NacosServiceRegistry - nacos registry, DEFAULT_GROUP xiaohongshu-auth 192.168.0.103:8080 register finished
2026-09-06 02:01:29.032 [main] INFO  c.g.xiaohongshu.auth.XiaohongshuAuthApplication - Started XiaohongshuAuthApplication in 10.817 seconds (process running for 11.587)
2026-09-06 02:01:29.036 [main] INFO  c.g.x.auth.runner.PushRolePermissions2RedisRunner - ==> 服务启动，开始同步角色权限数据到 Redis 中...
2026-09-06 02:01:29.626 [main] WARN  c.g.x.auth.runner.PushRolePermissions2RedisRunner - ==> 角色权限数据已经同步至 Redis 中，不再同步...
2026-09-06 02:01:29.629 [main] INFO  com.alibaba.nacos.client.config.impl.CacheData - nacos.cache.data.init.snapshot = true 
2026-09-06 02:01:29.629 [main] INFO  com.alibaba.nacos.client.config.impl.ClientWorker - [fixed-xiaohongshu-127.0.0.1_8848] [subscribe] xiaohongshu-auth.yaml+DEFAULT_GROUP+xiaohongshu
2026-09-06 02:01:29.636 [main] INFO  com.alibaba.nacos.client.config.impl.CacheData - [fixed-xiaohongshu-127.0.0.1_8848] [add-listener] ok, tenant=xiaohongshu, dataId=xiaohongshu-auth.yaml, group=DEFAULT_GROUP, cnt=1
2026-09-06 02:01:29.637 [main] INFO  c.a.cloud.nacos.refresh.NacosContextRefresher - [Nacos Config] Listening config: dataId=xiaohongshu-auth.yaml, group=DEFAULT_GROUP
2026-09-06 02:01:29.638 [main] INFO  com.alibaba.nacos.client.config.impl.ClientWorker - [fixed-xiaohongshu-127.0.0.1_8848] [subscribe] xiaohongshu-auth-dev.yaml+DEFAULT_GROUP+xiaohongshu
2026-09-06 02:01:29.638 [main] INFO  com.alibaba.nacos.client.config.impl.CacheData - [fixed-xiaohongshu-127.0.0.1_8848] [add-listener] ok, tenant=xiaohongshu, dataId=xiaohongshu-auth-dev.yaml, group=DEFAULT_GROUP, cnt=1
2026-09-06 02:01:29.638 [main] INFO  c.a.cloud.nacos.refresh.NacosContextRefresher - [Nacos Config] Listening config: dataId=xiaohongshu-auth-dev.yaml, group=DEFAULT_GROUP
2026-09-06 02:01:29.639 [main] INFO  com.alibaba.nacos.client.config.impl.ClientWorker - [fixed-xiaohongshu-127.0.0.1_8848] [subscribe] xiaohongshu-auth+DEFAULT_GROUP+xiaohongshu
2026-09-06 02:01:29.639 [main] INFO  com.alibaba.nacos.client.config.impl.CacheData - [fixed-xiaohongshu-127.0.0.1_8848] [add-listener] ok, tenant=xiaohongshu, dataId=xiaohongshu-auth, group=DEFAULT_GROUP, cnt=1
2026-09-06 02:01:29.639 [main] INFO  c.a.cloud.nacos.refresh.NacosContextRefresher - [Nacos Config] Listening config: dataId=xiaohongshu-auth, group=DEFAULT_GROUP
2026-09-06 02:03:12.858 [http-nio-8080-exec-1] INFO  o.a.c.core.ContainerBase.[Tomcat].[localhost].[/] - Initializing Spring DispatcherServlet 'dispatcherServlet'
2026-09-06 02:03:12.859 [http-nio-8080-exec-1] INFO  org.springframework.web.servlet.DispatcherServlet - Initializing Servlet 'dispatcherServlet'
2026-09-06 02:03:12.861 [http-nio-8080-exec-1] INFO  org.springframework.web.servlet.DispatcherServlet - Completed initialization in 2 ms
2026-09-06 02:03:12.874 [http-nio-8080-exec-1] INFO  c.g.f.b.context.filter.HeaderUserId2ContextFilter - ## HeaderUserId2ContextFilter, 用户 ID: null
2026-09-06 02:03:13.058 [http-nio-8080-exec-1] INFO  c.g.f.b.operationlog.aspect.ApiOperationLogAspect - ====== 请求开始: [发送短信验证码], 入参: {"phone":"15033632536"}, 请求类: VerificationCodeController, 请求方法: send =================================== 
2026-09-06 02:03:13.075 [http-nio-8080-exec-1] INFO  c.g.x.a.service.impl.VerificationCodeServiceImpl - ==> 手机号: 15033632536, 已生成验证码：【597095】
2026-09-06 02:03:13.078 [AuthExecutor-1] INFO  c.guoshisan.xiaohongshu.auth.sms.AliyunSmsHelper - ==> 开始短信发送, phone: 15033632536, signName: 速通互联验证码, templateCode: 100001, templateParam: {"code":"597095","min":"3"}
2026-09-06 02:03:13.088 [http-nio-8080-exec-1] INFO  c.g.f.b.operationlog.aspect.ApiOperationLogAspect - ====== 请求结束: [发送短信验证码], 耗时: 31ms, 出参: {"success":true,"message":null,"errorCode":null,"data":null} =================================== 
2026-09-06 02:03:14.368 [AuthExecutor-1] INFO  c.guoshisan.xiaohongshu.auth.sms.AliyunSmsHelper - ==> 短信发送成功, response: {"headers":{"access-control-allow-origin":"*","date":"Sat, 05 Sep 2026 18:03:14 GMT","content-length":"135","keep-alive":"timeout=25","x-acs-request-id":"01A072BD-26B2-5AEE-A457-CED25EC18888","connection":"keep-alive","content-type":"application/json;charset=utf-8","etag":"1GrfqGR24QWyzg47twl9yrA5","access-control-expose-headers":"*","x-acs-trace-id":"f9fc053764cc5cde5a8e24e9a25fef42"},"statusCode":200,"body":{"accessDeniedDetail":null,"code":"OK","message":"OK","model":{"bizId":"513418788631394177^0","outId":null,"requestId":"1de86c53-bacb-4053-ab5f-3eaebd0f45e9","verifyCode":null},"requestId":null,"success":true}}
2026-09-06 02:03:21.721 [http-nio-8080-exec-2] INFO  c.g.f.b.context.filter.HeaderUserId2ContextFilter - ## HeaderUserId2ContextFilter, 用户 ID: null
2026-09-06 02:03:21.723 [http-nio-8080-exec-2] INFO  c.g.f.b.operationlog.aspect.ApiOperationLogAspect - ====== 请求开始: [发送短信验证码], 入参: {"phone":"19903236282"}, 请求类: VerificationCodeController, 请求方法: send =================================== 
2026-09-06 02:03:21.727 [http-nio-8080-exec-2] INFO  c.g.x.a.service.impl.VerificationCodeServiceImpl - ==> 手机号: 19903236282, 已生成验证码：【942859】
2026-09-06 02:03:21.728 [AuthExecutor-2] INFO  c.guoshisan.xiaohongshu.auth.sms.AliyunSmsHelper - ==> 开始短信发送, phone: 19903236282, signName: 速通互联验证码, templateCode: 100001, templateParam: {"code":"942859","min":"3"}
2026-09-06 02:03:21.734 [http-nio-8080-exec-2] INFO  c.g.f.b.operationlog.aspect.ApiOperationLogAspect - ====== 请求结束: [发送短信验证码], 耗时: 10ms, 出参: {"success":true,"message":null,"errorCode":null,"data":null} =================================== 
2026-09-06 02:03:22.042 [AuthExecutor-2] INFO  c.guoshisan.xiaohongshu.auth.sms.AliyunSmsHelper - ==> 短信发送成功, response: {"headers":{"access-control-allow-origin":"*","date":"Sat, 05 Sep 2026 18:03:22 GMT","content-length":"135","keep-alive":"timeout=25","x-acs-request-id":"01A072BD-4518-5D3A-A7E4-6C02B5C8E665","connection":"keep-alive","content-type":"application/json;charset=utf-8","etag":"1yAiFRq4tb0bLfaFcQdlRag5","access-control-expose-headers":"*","x-acs-trace-id":"7a5850570f5d5bc6311fcc803a9c0e86"},"statusCode":200,"body":{"accessDeniedDetail":null,"code":"OK","message":"OK","model":{"bizId":"888021788631401854^0","outId":null,"requestId":"d1074b04-e974-435a-a614-7b1340ae7dd2","verifyCode":null},"requestId":null,"success":true}}
2026-09-06 02:03:33.528 [http-nio-8080-exec-3] INFO  c.g.f.b.context.filter.HeaderUserId2ContextFilter - ## HeaderUserId2ContextFilter, 用户 ID: null
2026-09-06 02:03:33.541 [http-nio-8080-exec-3] INFO  c.g.f.b.operationlog.aspect.ApiOperationLogAspect - ====== 请求开始: [用户登录/注册], 入参: {"phone":"19903236282","code":"942859","password":null,"type":1}, 请求类: UserController, 请求方法: loginAndRegister =================================== 
2026-09-06 02:03:34.024 [http-nio-8080-exec-3] INFO  c.g.xiaohongshu.auth.service.impl.UserServiceImpl - ==> 用户是否注册, phone: 19903236282, userDO: {"id":8,"xiaohongshuId":null,"password":null,"nickname":null,"avatar":null,"birthday":null,"backgroundImg":null,"phone":null,"sex":null,"status":null,"introduction":null,"createTime":null,"updateTime":null,"isDeleted":null}
2026-09-06 02:03:34.154 [http-nio-8080-exec-3] INFO  c.g.f.b.operationlog.aspect.ApiOperationLogAspect - ====== 请求结束: [用户登录/注册], 耗时: 614ms, 出参: {"success":true,"message":null,"errorCode":null,"data":"fKdNu2theZm14PPlP7XpJtbFlea28CFZ8HSuIaQBNLSKABiW3W5xk6Q7cO4H2Fmfg80zZhHrIGLeZJjFFtQU8ROU6MPF5JfS1q5vuELpCQwhsPToDHvvxdtMRpjbD8qx"} =================================== 
2026-09-06 02:03:45.581 [http-nio-8080-exec-4] INFO  c.g.f.b.context.filter.HeaderUserId2ContextFilter - ## HeaderUserId2ContextFilter, 用户 ID: 8
2026-09-06 02:03:45.581 [http-nio-8080-exec-4] INFO  c.g.f.b.context.filter.HeaderUserId2ContextFilter - ===== 设置 userId 到 ThreadLocal 中， 用户 ID: 8
2026-09-06 02:03:45.595 [http-nio-8080-exec-4] INFO  c.g.f.b.operationlog.aspect.ApiOperationLogAspect - ====== 请求开始: [修改密码], 入参: {"newPassword":"123456"}, 请求类: UserController, 请求方法: updatePassword =================================== 
2026-09-06 02:03:45.779 [http-nio-8080-exec-4] INFO  c.g.f.b.operationlog.aspect.ApiOperationLogAspect - ====== 请求结束: [修改密码], 耗时: 184ms, 出参: {"success":true,"message":null,"errorCode":null,"data":null} =================================== 
2026-09-06 02:03:45.780 [http-nio-8080-exec-4] INFO  c.g.f.b.context.filter.HeaderUserId2ContextFilter - ===== 删除 ThreadLocal， userId: 8
2026-09-06 02:07:15.663 [http-nio-8080-exec-6] INFO  c.g.f.b.context.filter.HeaderUserId2ContextFilter - ## HeaderUserId2ContextFilter, 用户 ID: 8
2026-09-06 02:07:15.663 [http-nio-8080-exec-6] INFO  c.g.f.b.context.filter.HeaderUserId2ContextFilter - ===== 设置 userId 到 ThreadLocal 中， 用户 ID: 8
2026-09-06 02:07:15.664 [http-nio-8080-exec-6] INFO  c.g.f.b.operationlog.aspect.ApiOperationLogAspect - ====== 请求开始: [账号登出], 入参: , 请求类: UserController, 请求方法: logout =================================== 
2026-09-06 02:07:15.664 [http-nio-8080-exec-6] INFO  c.g.xiaohongshu.auth.service.impl.UserServiceImpl - ==> 用户退出登录, userId: 8
2026-09-06 02:07:15.665 [AuthExecutor-3] INFO  c.g.xiaohongshu.auth.service.impl.UserServiceImpl - ==> 异步线程中获取 userId: 8
2026-09-06 02:07:15.685 [http-nio-8080-exec-6] INFO  c.g.f.b.operationlog.aspect.ApiOperationLogAspect - ====== 请求结束: [账号登出], 耗时: 21ms, 出参: {"success":true,"message":null,"errorCode":null,"data":null} =================================== 
2026-09-06 02:07:15.686 [http-nio-8080-exec-6] INFO  c.g.f.b.context.filter.HeaderUserId2ContextFilter - ===== 删除 ThreadLocal， userId: 8
2026-09-06 02:07:20.807 [http-nio-8080-exec-7] INFO  c.g.f.b.context.filter.HeaderUserId2ContextFilter - ## HeaderUserId2ContextFilter, 用户 ID: null
2026-09-06 02:07:20.810 [http-nio-8080-exec-7] INFO  c.g.f.b.operationlog.aspect.ApiOperationLogAspect - ====== 请求开始: [用户登录/注册], 入参: {"phone":"19903236282","code":"942859","password":"123456","type":2}, 请求类: UserController, 请求方法: loginAndRegister =================================== 
2026-09-06 02:07:20.814 [http-nio-8080-exec-7] ERROR c.g.x.auth.exception.GlobalExceptionHandler - /user/login request error, 
cn.dev33.satoken.exception.SaTokenException: loginId 不能为空
	at cn.dev33.satoken.stp.StpLogic.checkLoginArgs(StpLogic.java:564)
	at cn.dev33.satoken.stp.StpLogic.createLoginSession(StpLogic.java:464)
	at cn.dev33.satoken.stp.StpLogic.login(StpLogic.java:438)
	at cn.dev33.satoken.stp.StpLogic.login(StpLogic.java:397)
	at cn.dev33.satoken.stp.StpUtil.login(StpUtil.java:164)
	at com.guoshisan.xiaohongshu.auth.service.impl.UserServiceImpl.loginAndRegister(UserServiceImpl.java:122)
	at com.guoshisan.xiaohongshu.auth.controller.UserController.loginAndRegister(UserController.java:31)
	at java.base/jdk.internal.reflect.NativeMethodAccessorImpl.invoke0(Native Method)
	at java.base/jdk.internal.reflect.NativeMethodAccessorImpl.invoke(NativeMethodAccessorImpl.java:77)
	at java.base/jdk.internal.reflect.DelegatingMethodAccessorImpl.invoke(DelegatingMethodAccessorImpl.java:43)
	at java.base/java.lang.reflect.Method.invoke(Method.java:568)
	at org.springframework.aop.support.AopUtils.invokeJoinpointUsingReflection(AopUtils.java:343)
	at org.springframework.aop.framework.ReflectiveMethodInvocation.invokeJoinpoint(ReflectiveMethodInvocation.java:196)
	at org.springframework.aop.framework.ReflectiveMethodInvocation.proceed(ReflectiveMethodInvocation.java:163)
	at org.springframework.aop.framework.CglibAopProxy$CglibMethodInvocation.proceed(CglibAopProxy.java:752)
	at org.springframework.aop.aspectj.MethodInvocationProceedingJoinPoint.proceed(MethodInvocationProceedingJoinPoint.java:89)
	at com.guoshisan.framework.biz.operationlog.aspect.ApiOperationLogAspect.doAround(ApiOperationLogAspect.java:52)
	at java.base/jdk.internal.reflect.NativeMethodAccessorImpl.invoke0(Native Method)
	at java.base/jdk.internal.reflect.NativeMethodAccessorImpl.invoke(NativeMethodAccessorImpl.java:77)
	at java.base/jdk.internal.reflect.DelegatingMethodAccessorImpl.invoke(DelegatingMethodAccessorImpl.java:43)
	at java.base/java.lang.reflect.Method.invoke(Method.java:568)
	at org.springframework.aop.aspectj.AbstractAspectJAdvice.invokeAdviceMethodWithGivenArgs(AbstractAspectJAdvice.java:633)
	at org.springframework.aop.aspectj.AbstractAspectJAdvice.invokeAdviceMethod(AbstractAspectJAdvice.java:623)
	at org.springframework.aop.aspectj.AspectJAroundAdvice.invoke(AspectJAroundAdvice.java:71)
	at org.springframework.aop.framework.ReflectiveMethodInvocation.proceed(ReflectiveMethodInvocation.java:173)
	at org.springframework.aop.framework.CglibAopProxy$CglibMethodInvocation.proceed(CglibAopProxy.java:752)
	at org.springframework.aop.interceptor.ExposeInvocationInterceptor.invoke(ExposeInvocationInterceptor.java:97)
	at org.springframework.aop.framework.ReflectiveMethodInvocation.proceed(ReflectiveMethodInvocation.java:184)
	at org.springframework.aop.framework.CglibAopProxy$CglibMethodInvocation.proceed(CglibAopProxy.java:752)
	at org.springframework.aop.framework.CglibAopProxy$DynamicAdvisedInterceptor.intercept(CglibAopProxy.java:703)
	at com.guoshisan.xiaohongshu.auth.controller.UserController$$SpringCGLIB$$0.loginAndRegister(<generated>)
	at java.base/jdk.internal.reflect.NativeMethodAccessorImpl.invoke0(Native Method)
	at java.base/jdk.internal.reflect.NativeMethodAccessorImpl.invoke(NativeMethodAccessorImpl.java:77)
	at java.base/jdk.internal.reflect.DelegatingMethodAccessorImpl.invoke(DelegatingMethodAccessorImpl.java:43)
	at java.base/java.lang.reflect.Method.invoke(Method.java:568)
	at org.springframework.web.method.support.InvocableHandlerMethod.doInvoke(InvocableHandlerMethod.java:207)
	at org.springframework.web.method.support.InvocableHandlerMethod.invokeForRequest(InvocableHandlerMethod.java:152)
	at org.springframework.web.servlet.mvc.method.annotation.ServletInvocableHandlerMethod.invokeAndHandle(ServletInvocableHandlerMethod.java:117)
	at org.springframework.web.servlet.mvc.method.annotation.RequestMappingHandlerAdapter.invokeHandlerMethod(RequestMappingHandlerAdapter.java:884)
	at org.springframework.web.servlet.mvc.method.annotation.RequestMappingHandlerAdapter.handleInternal(RequestMappingHandlerAdapter.java:797)
	at org.springframework.web.servlet.mvc.method.AbstractHandlerMethodAdapter.handle(AbstractHandlerMethodAdapter.java:87)
	at org.springframework.web.servlet.DispatcherServlet.doDispatch(DispatcherServlet.java:1080)
	at org.springframework.web.servlet.DispatcherServlet.doService(DispatcherServlet.java:973)
	at org.springframework.web.servlet.FrameworkServlet.processRequest(FrameworkServlet.java:1011)
	at org.springframework.web.servlet.FrameworkServlet.doPost(FrameworkServlet.java:914)
	at jakarta.servlet.http.HttpServlet.service(HttpServlet.java:731)
	at org.springframework.web.servlet.FrameworkServlet.service(FrameworkServlet.java:885)
	at jakarta.servlet.http.HttpServlet.service(HttpServlet.java:814)
	at org.apache.catalina.core.ApplicationFilterChain.internalDoFilter(ApplicationFilterChain.java:223)
	at org.apache.catalina.core.ApplicationFilterChain.doFilter(ApplicationFilterChain.java:158)
	at org.apache.tomcat.websocket.server.WsFilter.doFilter(WsFilter.java:53)
	at org.apache.catalina.core.ApplicationFilterChain.internalDoFilter(ApplicationFilterChain.java:185)
	at org.apache.catalina.core.ApplicationFilterChain.doFilter(ApplicationFilterChain.java:158)
	at com.guoshisan.framework.biz.context.filter.HeaderUserId2ContextFilter.doFilterInternal(HeaderUserId2ContextFilter.java:35)
	at org.springframework.web.filter.OncePerRequestFilter.doFilter(OncePerRequestFilter.java:116)
	at org.apache.catalina.core.ApplicationFilterChain.internalDoFilter(ApplicationFilterChain.java:185)
	at org.apache.catalina.core.ApplicationFilterChain.doFilter(ApplicationFilterChain.java:158)
	at com.alibaba.druid.support.jakarta.WebStatFilter.doFilter(WebStatFilter.java:113)
	at org.apache.catalina.core.ApplicationFilterChain.internalDoFilter(ApplicationFilterChain.java:185)
	at org.apache.catalina.core.ApplicationFilterChain.doFilter(ApplicationFilterChain.java:158)
	at org.springframework.web.filter.RequestContextFilter.doFilterInternal(RequestContextFilter.java:100)
	at org.springframework.web.filter.OncePerRequestFilter.doFilter(OncePerRequestFilter.java:116)
	at org.apache.catalina.core.ApplicationFilterChain.internalDoFilter(ApplicationFilterChain.java:185)
	at org.apache.catalina.core.ApplicationFilterChain.doFilter(ApplicationFilterChain.java:158)
	at cn.dev33.satoken.filter.SaPathCheckFilterForJakartaServlet.doFilter(SaPathCheckFilterForJakartaServlet.java:55)
	at org.apache.catalina.core.ApplicationFilterChain.internalDoFilter(ApplicationFilterChain.java:185)
	at org.apache.catalina.core.ApplicationFilterChain.doFilter(ApplicationFilterChain.java:158)
	at org.springframework.web.filter.FormContentFilter.doFilterInternal(FormContentFilter.java:93)
	at org.springframework.web.filter.OncePerRequestFilter.doFilter(OncePerRequestFilter.java:116)
	at org.apache.catalina.core.ApplicationFilterChain.internalDoFilter(ApplicationFilterChain.java:185)
	at org.apache.catalina.core.ApplicationFilterChain.doFilter(ApplicationFilterChain.java:158)
	at org.springframework.web.filter.CharacterEncodingFilter.doFilterInternal(CharacterEncodingFilter.java:201)
	at org.springframework.web.filter.OncePerRequestFilter.doFilter(OncePerRequestFilter.java:116)
	at org.apache.catalina.core.ApplicationFilterChain.internalDoFilter(ApplicationFilterChain.java:185)
	at org.apache.catalina.core.ApplicationFilterChain.doFilter(ApplicationFilterChain.java:158)
	at org.apache.catalina.core.StandardWrapperValve.invoke(StandardWrapperValve.java:177)
	at org.apache.catalina.core.StandardContextValve.invoke(StandardContextValve.java:97)
	at org.apache.catalina.authenticator.AuthenticatorBase.invoke(AuthenticatorBase.java:542)
	at org.apache.catalina.core.StandardHostValve.invoke(StandardHostValve.java:119)
	at org.apache.catalina.valves.ErrorReportValve.invoke(ErrorReportValve.java:92)
	at org.apache.catalina.core.StandardEngineValve.invoke(StandardEngineValve.java:78)
	at org.apache.catalina.connector.CoyoteAdapter.service(CoyoteAdapter.java:357)
	at org.apache.coyote.http11.Http11Processor.service(Http11Processor.java:400)
	at org.apache.coyote.AbstractProcessorLight.process(AbstractProcessorLight.java:65)
	at org.apache.coyote.AbstractProtocol$ConnectionHandler.process(AbstractProtocol.java:859)
	at org.apache.tomcat.util.net.NioEndpoint$SocketProcessor.doRun(NioEndpoint.java:1734)
	at org.apache.tomcat.util.net.SocketProcessorBase.run(SocketProcessorBase.java:52)
	at org.apache.tomcat.util.threads.ThreadPoolExecutor.runWorker(ThreadPoolExecutor.java:1191)
	at org.apache.tomcat.util.threads.ThreadPoolExecutor$Worker.run(ThreadPoolExecutor.java:659)
	at org.apache.tomcat.util.threads.TaskThread$WrappingRunnable.run(TaskThread.java:61)
	at java.base/java.lang.Thread.run(Thread.java:842)
2026-09-06 02:07:27.360 [Thread-2] WARN  c.alibaba.nacos.common.http.HttpClientBeanHolder - [HttpClientBeanHolder] Start destroying common HttpClient
2026-09-06 02:07:27.360 [Thread-9] WARN  com.alibaba.nacos.common.notify.NotifyCenter - [NotifyCenter] Start destroying Publisher
2026-09-06 02:07:27.361 [Thread-9] WARN  com.alibaba.nacos.common.notify.NotifyCenter - [NotifyCenter] Destruction of the end
2026-09-06 02:07:27.361 [Thread-2] WARN  c.alibaba.nacos.common.http.HttpClientBeanHolder - [HttpClientBeanHolder] Destruction of the end
2026-09-06 02:07:27.406 [SpringApplicationShutdownHook] INFO  c.a.cloud.nacos.registry.NacosServiceRegistry - De-registering from Nacos Server now...
2026-09-06 02:07:27.406 [SpringApplicationShutdownHook] INFO  com.alibaba.nacos.client.naming - [DEREGISTER-SERVICE] xiaohongshu deregistering service xiaohongshu-auth with instance: Instance{instanceId='null', ip='192.168.0.103', port=8080, weight=1.0, healthy=true, enabled=true, ephemeral=true, clusterName='DEFAULT', serviceName='null', metadata={}}
2026-09-06 02:07:27.532 [SpringApplicationShutdownHook] INFO  c.a.cloud.nacos.registry.NacosServiceRegistry - De-registration finished.
2026-09-06 02:07:27.533 [SpringApplicationShutdownHook] INFO  com.alibaba.nacos.client.naming - com.alibaba.nacos.client.naming.cache.ServiceInfoHolder do shutdown begin
2026-09-06 02:07:27.533 [SpringApplicationShutdownHook] INFO  com.alibaba.nacos.client.naming - com.alibaba.nacos.client.naming.backups.FailoverReactor do shutdown begin
2026-09-06 02:07:27.534 [SpringApplicationShutdownHook] INFO  com.alibaba.nacos.client.naming - com.alibaba.nacos.client.naming.backups.FailoverReactor do shutdown stop
2026-09-06 02:07:27.534 [SpringApplicationShutdownHook] INFO  com.alibaba.nacos.client.naming - com.alibaba.nacos.client.naming.cache.ServiceInfoHolder do shutdown stop
2026-09-06 02:07:27.534 [SpringApplicationShutdownHook] INFO  com.alibaba.nacos.client.naming - com.alibaba.nacos.client.naming.remote.NamingClientProxyDelegate do shutdown begin
2026-09-06 02:07:27.535 [SpringApplicationShutdownHook] INFO  com.alibaba.nacos.client.naming - com.alibaba.nacos.client.naming.core.ServiceInfoUpdateService do shutdown begin
2026-09-06 02:07:27.535 [SpringApplicationShutdownHook] INFO  com.alibaba.nacos.client.naming - com.alibaba.nacos.client.naming.core.ServiceInfoUpdateService do shutdown stop
2026-09-06 02:07:27.535 [SpringApplicationShutdownHook] INFO  com.alibaba.nacos.client.naming - com.alibaba.nacos.client.naming.core.ServerListManager do shutdown begin
2026-09-06 02:07:27.535 [SpringApplicationShutdownHook] WARN  com.alibaba.nacos.client.naming - [NamingHttpClientManager] Start destroying NacosRestTemplate
2026-09-06 02:07:27.535 [SpringApplicationShutdownHook] WARN  com.alibaba.nacos.client.naming - [NamingHttpClientManager] Destruction of the end
2026-09-06 02:07:27.536 [SpringApplicationShutdownHook] INFO  com.alibaba.nacos.client.naming - com.alibaba.nacos.client.naming.core.ServerListManager do shutdown stop
2026-09-06 02:07:27.536 [SpringApplicationShutdownHook] INFO  com.alibaba.nacos.client.naming - com.alibaba.nacos.client.naming.remote.http.NamingHttpClientProxy do shutdown begin
2026-09-06 02:07:27.536 [SpringApplicationShutdownHook] WARN  com.alibaba.nacos.client.naming - [NamingHttpClientManager] Start destroying NacosRestTemplate
2026-09-06 02:07:27.536 [SpringApplicationShutdownHook] WARN  com.alibaba.nacos.client.naming - [NamingHttpClientManager] Destruction of the end
2026-09-06 02:07:27.537 [SpringApplicationShutdownHook] INFO  com.alibaba.nacos.client.naming - com.alibaba.nacos.client.naming.remote.http.NamingHttpClientProxy do shutdown stop
2026-09-06 02:07:27.537 [SpringApplicationShutdownHook] INFO  com.alibaba.nacos.common.remote.client - Shutdown rpc client, set status to shutdown
2026-09-06 02:07:27.537 [SpringApplicationShutdownHook] INFO  com.alibaba.nacos.common.remote.client - Shutdown client event executor java.util.concurrent.ScheduledThreadPoolExecutor@1f09b4d9[Running, pool size = 2, active threads = 2, queued tasks = 0, completed tasks = 0]
2026-09-06 02:07:27.537 [SpringApplicationShutdownHook] INFO  com.alibaba.nacos.common.remote.client - Close current connection 1788631288468_172.17.0.1_51104
2026-09-06 02:07:27.544 [SpringApplicationShutdownHook] INFO  c.a.nacos.common.remote.client.grpc.GrpcClient - Shutdown grpc executor java.util.concurrent.ThreadPoolExecutor@62db7962[Running, pool size = 4, active threads = 1, queued tasks = 0, completed tasks = 89]
2026-09-06 02:07:27.545 [SpringApplicationShutdownHook] INFO  com.alibaba.nacos.client.naming - Shutdown grpc redo service executor java.util.concurrent.ScheduledThreadPoolExecutor@63a9c0a1[Running, pool size = 1, active threads = 0, queued tasks = 1, completed tasks = 119]
2026-09-06 02:07:27.545 [SpringApplicationShutdownHook] INFO  c.a.n.client.auth.ram.identify.CredentialWatcher - [null] CredentialWatcher is stopped
2026-09-06 02:07:27.545 [SpringApplicationShutdownHook] INFO  c.a.n.client.auth.ram.identify.CredentialService - [null] CredentialService is freed
2026-09-06 02:07:27.547 [SpringApplicationShutdownHook] INFO  com.alibaba.nacos.client.naming - com.alibaba.nacos.client.naming.remote.NamingClientProxyDelegate do shutdown stop
2026-09-06 02:07:27.552 [nacos-grpc-client-executor-127.0.0.1-89] WARN  c.a.nacos.common.remote.client.grpc.GrpcClient - [1788631288468_172.17.0.1_51104]Ignore error event,isRunning:false,isAbandon=false
2026-09-06 02:07:27.711 [SpringApplicationShutdownHook] INFO  com.alibaba.druid.pool.DruidDataSource - {dataSource-1} closing ...
2026-09-06 02:07:27.719 [SpringApplicationShutdownHook] INFO  com.alibaba.druid.pool.DruidDataSource - {dataSource-1} closed
2026-09-06 02:07:32.403 [main] WARN  com.alibaba.nacos.client.logging.NacosLogging - Load Logback Configuration of Nacos fail, message: Could not initialize Logback Nacos logging from classpath:nacos-logback.xml
2026-09-06 02:07:32.452 [main] WARN  com.alibaba.nacos.client.logging.NacosLogging - Load Logback Configuration of Nacos fail, message: Could not initialize Logback Nacos logging from classpath:nacos-logback.xml
2026-09-06 02:07:32.630 [main] WARN  com.alibaba.nacos.client.logging.NacosLogging - Load Logback Configuration of Nacos fail, message: Could not initialize Logback Nacos logging from classpath:nacos-logback.xml
2026-09-06 02:07:32.631 [main] INFO  com.alibaba.nacos.client.utils.ParamUtil - [settings] [req-serv] nacos-server port:8848
2026-09-06 02:07:32.631 [main] INFO  com.alibaba.nacos.client.utils.ParamUtil - [settings] [http-client] connect timeout:1000
2026-09-06 02:07:32.631 [main] INFO  com.alibaba.nacos.client.utils.ParamUtil - PER_TASK_CONFIG_SIZE: 3000.0
2026-09-06 02:07:32.650 [main] INFO  c.a.n.p.auth.spi.client.ClientAuthPluginManager - [ClientAuthPluginManager] Load ClientAuthService com.alibaba.nacos.client.auth.impl.NacosClientAuthServiceImpl success.
2026-09-06 02:07:32.650 [main] INFO  c.a.n.p.auth.spi.client.ClientAuthPluginManager - [ClientAuthPluginManager] Load ClientAuthService com.alibaba.nacos.client.auth.ram.RamClientAuthServiceImpl success.
2026-09-06 02:07:32.652 [main] INFO  c.a.n.client.auth.ram.identify.CredentialWatcher - null No credential found
2026-09-06 02:07:33.160 [main] WARN  com.alibaba.nacos.client.logging.NacosLogging - Load Logback Configuration of Nacos fail, message: Could not initialize Logback Nacos logging from classpath:nacos-logback.xml
2026-09-06 02:07:33.170 [main] INFO  c.a.n.client.config.impl.LocalConfigInfoProcessor - LOCAL_SNAPSHOT_PATH:C:\Users\Administrator\nacos\config
2026-09-06 02:07:33.173 [main] INFO  com.alibaba.nacos.common.remote.client - [RpcClientFactory] create a new rpc client of 31766058-b25d-4ce3-b1c7-f2753ad8b74c_config-0
2026-09-06 02:07:33.187 [main] INFO  com.alibaba.nacos.common.remote.client - [31766058-b25d-4ce3-b1c7-f2753ad8b74c_config-0] Register server push request handler:com.alibaba.nacos.client.config.impl.ClientWorker$ConfigRpcTransportClient$$Lambda$585/0x000001fe0f391258
2026-09-06 02:07:33.187 [main] INFO  com.alibaba.nacos.common.remote.client - [31766058-b25d-4ce3-b1c7-f2753ad8b74c_config-0] Register server push request handler:com.alibaba.nacos.client.config.impl.ClientWorker$ConfigRpcTransportClient$$Lambda$586/0x000001fe0f391678
2026-09-06 02:07:33.187 [main] INFO  com.alibaba.nacos.common.remote.client - [31766058-b25d-4ce3-b1c7-f2753ad8b74c_config-0] Registry connection listener to current client:com.alibaba.nacos.client.config.impl.ClientWorker$ConfigRpcTransportClient$1
2026-09-06 02:07:33.188 [main] INFO  com.alibaba.nacos.common.remote.client - [31766058-b25d-4ce3-b1c7-f2753ad8b74c_config-0] RpcClient init, ServerListFactory = com.alibaba.nacos.client.config.impl.ClientWorker$ConfigRpcTransportClient$2
2026-09-06 02:07:33.193 [main] INFO  com.alibaba.nacos.common.remote.client - [31766058-b25d-4ce3-b1c7-f2753ad8b74c_config-0] Try to connect to server on start up, server: {serverIp = '127.0.0.1', server main port = 8848}
2026-09-06 02:07:33.237 [main] INFO  c.a.nacos.common.remote.client.grpc.GrpcClient - grpc client connection server:127.0.0.1 ip,serverPort:9848,grpcTslConfig:{"sslProvider":"OPENSSL","enableTls":false,"mutualAuthEnable":false,"trustAll":false}
2026-09-06 02:07:34.177 [main] INFO  com.alibaba.nacos.common.remote.client - [31766058-b25d-4ce3-b1c7-f2753ad8b74c_config-0] Success to connect to server [127.0.0.1:8848] on start up, connectionId = 1788631654009_172.17.0.1_59132
2026-09-06 02:07:34.178 [com.alibaba.nacos.client.remote.worker] INFO  com.alibaba.nacos.common.remote.client - [31766058-b25d-4ce3-b1c7-f2753ad8b74c_config-0] Notify connected event to listeners.
2026-09-06 02:07:34.178 [com.alibaba.nacos.client.remote.worker] INFO  com.alibaba.nacos.client.config.impl.ClientWorker - [31766058-b25d-4ce3-b1c7-f2753ad8b74c_config-0] Connected,notify listen context...
2026-09-06 02:07:34.179 [main] INFO  com.alibaba.nacos.common.remote.client - [31766058-b25d-4ce3-b1c7-f2753ad8b74c_config-0] Register server push request handler:com.alibaba.nacos.common.remote.client.RpcClient$ConnectResetRequestHandler
2026-09-06 02:07:34.179 [main] INFO  com.alibaba.nacos.common.remote.client - [31766058-b25d-4ce3-b1c7-f2753ad8b74c_config-0] Register server push request handler:com.alibaba.nacos.common.remote.client.RpcClient$$Lambda$606/0x000001fe0f4d9448
2026-09-06 02:07:34.223 [main] INFO  com.alibaba.nacos.client.config.impl.Limiter - limitTime:5.0
2026-09-06 02:07:34.483 [main] INFO  com.alibaba.nacos.client.config.utils.JvmUtil - isMultiInstance:false
2026-09-06 02:07:34.498 [main] WARN  c.a.cloud.nacos.client.NacosPropertySourceBuilder - Ignore the empty nacos configuration and get it based on dataId[xiaohongshu-auth.yaml] & group[DEFAULT_GROUP]
2026-09-06 02:07:34.519 [main] INFO  o.s.c.b.c.PropertySourceBootstrapConfiguration - Located property source: [BootstrapPropertySource {name='bootstrapProperties-xiaohongshu-auth-dev.yaml,DEFAULT_GROUP'}, BootstrapPropertySource {name='bootstrapProperties-xiaohongshu-auth.yaml,DEFAULT_GROUP'}, BootstrapPropertySource {name='bootstrapProperties-xiaohongshu-auth,DEFAULT_GROUP'}]
2026-09-06 02:07:34.544 [main] WARN  com.alibaba.nacos.client.logging.NacosLogging - Load Logback Configuration of Nacos fail, message: Could not initialize Logback Nacos logging from classpath:nacos-logback.xml
2026-09-06 02:07:34.544 [main] INFO  c.g.xiaohongshu.auth.XiaohongshuAuthApplication - The following 1 profile is active: "dev"
2026-09-06 02:07:35.231 [main] INFO  o.s.d.r.config.RepositoryConfigurationDelegate - Multiple Spring Data modules found, entering strict repository configuration mode
2026-09-06 02:07:35.234 [main] INFO  o.s.d.r.config.RepositoryConfigurationDelegate - Bootstrapping Spring Data Redis repositories in DEFAULT mode.
2026-09-06 02:07:35.258 [main] INFO  o.s.d.r.config.RepositoryConfigurationDelegate - Finished Spring Data repository scanning in 10 ms. Found 0 Redis repository interfaces.
2026-09-06 02:07:35.378 [main] INFO  o.springframework.cloud.context.scope.GenericScope - BeanFactory id=56907ad1-7ca9-3c73-9bf1-a92455c26344
2026-09-06 02:07:35.992 [main] INFO  o.s.boot.web.embedded.tomcat.TomcatWebServer - Tomcat initialized with port(s): 8080 (http)
2026-09-06 02:07:36.005 [main] INFO  org.apache.catalina.core.StandardService - Starting service [Tomcat]
2026-09-06 02:07:36.006 [main] INFO  org.apache.catalina.core.StandardEngine - Starting Servlet engine: [Apache Tomcat/10.1.5]
2026-09-06 02:07:36.108 [main] INFO  o.a.c.core.ContainerBase.[Tomcat].[localhost].[/] - Initializing Spring embedded WebApplicationContext
2026-09-06 02:07:36.109 [main] INFO  o.s.b.w.s.c.ServletWebServerApplicationContext - Root WebApplicationContext: initialization completed in 1547 ms
2026-09-06 02:07:36.258 [main] INFO  c.a.d.s.b.a.DruidDataSourceAutoConfigure - Init DruidDataSource
2026-09-06 02:07:36.712 [main] INFO  com.alibaba.druid.pool.DruidDataSource - {dataSource-1} inited
2026-09-06 02:07:39.000 [main] INFO  o.s.boot.web.embedded.tomcat.TomcatWebServer - Tomcat started on port(s): 8080 (http) with context path ''
2026-09-06 02:07:39.004 [main] INFO  com.alibaba.nacos.client.naming - initializer namespace from ans.namespace attribute : null
2026-09-06 02:07:39.004 [main] INFO  com.alibaba.nacos.client.naming - initializer namespace from ALIBABA_ALIWARE_NAMESPACE attribute :null
2026-09-06 02:07:39.005 [main] INFO  com.alibaba.nacos.client.naming - initializer namespace from namespace attribute :null
2026-09-06 02:07:39.011 [main] INFO  c.a.n.p.auth.spi.client.ClientAuthPluginManager - [ClientAuthPluginManager] Load ClientAuthService com.alibaba.nacos.client.auth.impl.NacosClientAuthServiceImpl success.
2026-09-06 02:07:39.012 [main] INFO  c.a.n.p.auth.spi.client.ClientAuthPluginManager - [ClientAuthPluginManager] Load ClientAuthService com.alibaba.nacos.client.auth.ram.RamClientAuthServiceImpl success.
2026-09-06 02:07:39.015 [main] INFO  com.alibaba.nacos.common.remote.client - [RpcClientFactory] create a new rpc client of df9e55c1-a0dc-4ec8-b22b-5a3965d7fa96
2026-09-06 02:07:39.016 [main] INFO  com.alibaba.nacos.common.remote.client - [df9e55c1-a0dc-4ec8-b22b-5a3965d7fa96] RpcClient init, ServerListFactory = com.alibaba.nacos.client.naming.core.ServerListManager
2026-09-06 02:07:39.017 [main] INFO  com.alibaba.nacos.common.remote.client - [df9e55c1-a0dc-4ec8-b22b-5a3965d7fa96] Registry connection listener to current client:com.alibaba.nacos.client.naming.remote.gprc.redo.NamingGrpcRedoService
2026-09-06 02:07:39.017 [main] INFO  com.alibaba.nacos.common.remote.client - [df9e55c1-a0dc-4ec8-b22b-5a3965d7fa96] Register server push request handler:com.alibaba.nacos.client.naming.remote.gprc.NamingPushRequestHandler
2026-09-06 02:07:39.017 [main] INFO  com.alibaba.nacos.common.remote.client - [df9e55c1-a0dc-4ec8-b22b-5a3965d7fa96] Try to connect to server on start up, server: {serverIp = '127.0.0.1', server main port = 8848}
2026-09-06 02:07:39.017 [main] INFO  c.a.nacos.common.remote.client.grpc.GrpcClient - grpc client connection server:127.0.0.1 ip,serverPort:9848,grpcTslConfig:{"sslProvider":"OPENSSL","enableTls":false,"mutualAuthEnable":false,"trustAll":false}
2026-09-06 02:07:39.148 [main] INFO  com.alibaba.nacos.common.remote.client - [df9e55c1-a0dc-4ec8-b22b-5a3965d7fa96] Success to connect to server [127.0.0.1:8848] on start up, connectionId = 1788631659026_172.17.0.1_59146
2026-09-06 02:07:39.150 [com.alibaba.nacos.client.remote.worker] INFO  com.alibaba.nacos.common.remote.client - [df9e55c1-a0dc-4ec8-b22b-5a3965d7fa96] Notify connected event to listeners.
2026-09-06 02:07:39.151 [com.alibaba.nacos.client.remote.worker] INFO  com.alibaba.nacos.client.naming - Grpc connection connect
2026-09-06 02:07:39.151 [main] INFO  com.alibaba.nacos.common.remote.client - [df9e55c1-a0dc-4ec8-b22b-5a3965d7fa96] Register server push request handler:com.alibaba.nacos.common.remote.client.RpcClient$ConnectResetRequestHandler
2026-09-06 02:07:39.151 [main] INFO  com.alibaba.nacos.common.remote.client - [df9e55c1-a0dc-4ec8-b22b-5a3965d7fa96] Register server push request handler:com.alibaba.nacos.common.remote.client.RpcClient$$Lambda$606/0x000001fe0f4d9448
2026-09-06 02:07:39.154 [main] INFO  com.alibaba.nacos.client.naming - [REGISTER-SERVICE] xiaohongshu registering service xiaohongshu-auth with instance Instance{instanceId='null', ip='192.168.0.103', port=8080, weight=1.0, healthy=true, enabled=true, ephemeral=true, clusterName='DEFAULT', serviceName='null', metadata={IPv6=null, preserved.register.source=SPRING_CLOUD}}
2026-09-06 02:07:39.182 [main] INFO  c.a.cloud.nacos.registry.NacosServiceRegistry - nacos registry, DEFAULT_GROUP xiaohongshu-auth 192.168.0.103:8080 register finished
2026-09-06 02:07:39.855 [main] INFO  c.g.xiaohongshu.auth.XiaohongshuAuthApplication - Started XiaohongshuAuthApplication in 8.363 seconds (process running for 8.915)
2026-09-06 02:07:39.856 [main] INFO  c.g.x.auth.runner.PushRolePermissions2RedisRunner - ==> 服务启动，开始同步角色权限数据到 Redis 中...
2026-09-06 02:07:40.306 [main] WARN  c.g.x.auth.runner.PushRolePermissions2RedisRunner - ==> 角色权限数据已经同步至 Redis 中，不再同步...
2026-09-06 02:07:40.308 [main] INFO  com.alibaba.nacos.client.config.impl.CacheData - nacos.cache.data.init.snapshot = true 
2026-09-06 02:07:40.309 [main] INFO  com.alibaba.nacos.client.config.impl.ClientWorker - [fixed-xiaohongshu-127.0.0.1_8848] [subscribe] xiaohongshu-auth.yaml+DEFAULT_GROUP+xiaohongshu
2026-09-06 02:07:40.314 [main] INFO  com.alibaba.nacos.client.config.impl.CacheData - [fixed-xiaohongshu-127.0.0.1_8848] [add-listener] ok, tenant=xiaohongshu, dataId=xiaohongshu-auth.yaml, group=DEFAULT_GROUP, cnt=1
2026-09-06 02:07:40.314 [main] INFO  c.a.cloud.nacos.refresh.NacosContextRefresher - [Nacos Config] Listening config: dataId=xiaohongshu-auth.yaml, group=DEFAULT_GROUP
2026-09-06 02:07:40.315 [main] INFO  com.alibaba.nacos.client.config.impl.ClientWorker - [fixed-xiaohongshu-127.0.0.1_8848] [subscribe] xiaohongshu-auth-dev.yaml+DEFAULT_GROUP+xiaohongshu
2026-09-06 02:07:40.315 [main] INFO  com.alibaba.nacos.client.config.impl.CacheData - [fixed-xiaohongshu-127.0.0.1_8848] [add-listener] ok, tenant=xiaohongshu, dataId=xiaohongshu-auth-dev.yaml, group=DEFAULT_GROUP, cnt=1
2026-09-06 02:07:40.315 [main] INFO  c.a.cloud.nacos.refresh.NacosContextRefresher - [Nacos Config] Listening config: dataId=xiaohongshu-auth-dev.yaml, group=DEFAULT_GROUP
2026-09-06 02:07:40.316 [main] INFO  com.alibaba.nacos.client.config.impl.ClientWorker - [fixed-xiaohongshu-127.0.0.1_8848] [subscribe] xiaohongshu-auth+DEFAULT_GROUP+xiaohongshu
2026-09-06 02:07:40.316 [main] INFO  com.alibaba.nacos.client.config.impl.CacheData - [fixed-xiaohongshu-127.0.0.1_8848] [add-listener] ok, tenant=xiaohongshu, dataId=xiaohongshu-auth, group=DEFAULT_GROUP, cnt=1
2026-09-06 02:07:40.316 [main] INFO  c.a.cloud.nacos.refresh.NacosContextRefresher - [Nacos Config] Listening config: dataId=xiaohongshu-auth, group=DEFAULT_GROUP
2026-09-06 02:07:44.532 [http-nio-8080-exec-1] INFO  o.a.c.core.ContainerBase.[Tomcat].[localhost].[/] - Initializing Spring DispatcherServlet 'dispatcherServlet'
2026-09-06 02:07:44.532 [http-nio-8080-exec-1] INFO  org.springframework.web.servlet.DispatcherServlet - Initializing Servlet 'dispatcherServlet'
2026-09-06 02:07:44.535 [http-nio-8080-exec-1] INFO  org.springframework.web.servlet.DispatcherServlet - Completed initialization in 3 ms
2026-09-06 02:07:44.552 [http-nio-8080-exec-1] INFO  c.g.f.b.context.filter.HeaderUserId2ContextFilter - ## HeaderUserId2ContextFilter, 用户 ID: null
2026-09-06 02:07:44.756 [http-nio-8080-exec-1] INFO  c.g.f.b.operationlog.aspect.ApiOperationLogAspect - ====== 请求开始: [用户登录/注册], 入参: {"phone":"19903236282","code":"942859","password":"123456","type":2}, 请求类: UserController, 请求方法: loginAndRegister =================================== 
2026-09-06 02:07:45.413 [http-nio-8080-exec-1] INFO  c.g.f.b.operationlog.aspect.ApiOperationLogAspect - ====== 请求结束: [用户登录/注册], 耗时: 662ms, 出参: {"success":true,"message":null,"errorCode":null,"data":"2Zg95bWMojJwkTfRiOjJ9oDfiMzdcn1mJ260BYXTjas6ETaUXKBirl0cPaVoaeruGaDg0GgbPKIZX1uQGQDmsJTuQHsNZS46vAFLA2BzQGU4IXCZsePXj8zGaLZbegvB"} =================================== 
2026-09-06 02:10:15.357 [Thread-9] WARN  com.alibaba.nacos.common.notify.NotifyCenter - [NotifyCenter] Start destroying Publisher
2026-09-06 02:10:15.357 [Thread-9] WARN  com.alibaba.nacos.common.notify.NotifyCenter - [NotifyCenter] Destruction of the end
2026-09-06 02:10:15.357 [Thread-2] WARN  c.alibaba.nacos.common.http.HttpClientBeanHolder - [HttpClientBeanHolder] Start destroying common HttpClient
2026-09-06 02:10:15.358 [Thread-2] WARN  c.alibaba.nacos.common.http.HttpClientBeanHolder - [HttpClientBeanHolder] Destruction of the end
2026-09-06 02:10:15.415 [SpringApplicationShutdownHook] INFO  c.a.cloud.nacos.registry.NacosServiceRegistry - De-registering from Nacos Server now...
2026-09-06 02:10:15.415 [SpringApplicationShutdownHook] INFO  com.alibaba.nacos.client.naming - [DEREGISTER-SERVICE] xiaohongshu deregistering service xiaohongshu-auth with instance: Instance{instanceId='null', ip='192.168.0.103', port=8080, weight=1.0, healthy=true, enabled=true, ephemeral=true, clusterName='DEFAULT', serviceName='null', metadata={}}
2026-09-06 02:10:15.420 [SpringApplicationShutdownHook] INFO  c.a.cloud.nacos.registry.NacosServiceRegistry - De-registration finished.
2026-09-06 02:10:15.421 [SpringApplicationShutdownHook] INFO  com.alibaba.nacos.client.naming - com.alibaba.nacos.client.naming.cache.ServiceInfoHolder do shutdown begin
2026-09-06 02:10:15.421 [SpringApplicationShutdownHook] INFO  com.alibaba.nacos.client.naming - com.alibaba.nacos.client.naming.backups.FailoverReactor do shutdown begin
2026-09-06 02:10:15.421 [SpringApplicationShutdownHook] INFO  com.alibaba.nacos.client.naming - com.alibaba.nacos.client.naming.backups.FailoverReactor do shutdown stop
2026-09-06 02:10:15.422 [SpringApplicationShutdownHook] INFO  com.alibaba.nacos.client.naming - com.alibaba.nacos.client.naming.cache.ServiceInfoHolder do shutdown stop
2026-09-06 02:10:15.422 [SpringApplicationShutdownHook] INFO  com.alibaba.nacos.client.naming - com.alibaba.nacos.client.naming.remote.NamingClientProxyDelegate do shutdown begin
2026-09-06 02:10:15.422 [SpringApplicationShutdownHook] INFO  com.alibaba.nacos.client.naming - com.alibaba.nacos.client.naming.core.ServiceInfoUpdateService do shutdown begin
2026-09-06 02:10:15.422 [SpringApplicationShutdownHook] INFO  com.alibaba.nacos.client.naming - com.alibaba.nacos.client.naming.core.ServiceInfoUpdateService do shutdown stop
2026-09-06 02:10:15.422 [SpringApplicationShutdownHook] INFO  com.alibaba.nacos.client.naming - com.alibaba.nacos.client.naming.core.ServerListManager do shutdown begin
2026-09-06 02:10:15.422 [SpringApplicationShutdownHook] WARN  com.alibaba.nacos.client.naming - [NamingHttpClientManager] Start destroying NacosRestTemplate
2026-09-06 02:10:15.422 [SpringApplicationShutdownHook] WARN  com.alibaba.nacos.client.naming - [NamingHttpClientManager] Destruction of the end
2026-09-06 02:10:15.422 [SpringApplicationShutdownHook] INFO  com.alibaba.nacos.client.naming - com.alibaba.nacos.client.naming.core.ServerListManager do shutdown stop
2026-09-06 02:10:15.422 [SpringApplicationShutdownHook] INFO  com.alibaba.nacos.client.naming - com.alibaba.nacos.client.naming.remote.http.NamingHttpClientProxy do shutdown begin
2026-09-06 02:10:15.422 [SpringApplicationShutdownHook] WARN  com.alibaba.nacos.client.naming - [NamingHttpClientManager] Start destroying NacosRestTemplate
2026-09-06 02:10:15.422 [SpringApplicationShutdownHook] WARN  com.alibaba.nacos.client.naming - [NamingHttpClientManager] Destruction of the end
2026-09-06 02:10:15.422 [SpringApplicationShutdownHook] INFO  com.alibaba.nacos.client.naming - com.alibaba.nacos.client.naming.remote.http.NamingHttpClientProxy do shutdown stop
2026-09-06 02:10:15.422 [SpringApplicationShutdownHook] INFO  com.alibaba.nacos.common.remote.client - Shutdown rpc client, set status to shutdown
2026-09-06 02:10:15.423 [SpringApplicationShutdownHook] INFO  com.alibaba.nacos.common.remote.client - Shutdown client event executor java.util.concurrent.ScheduledThreadPoolExecutor@3b5c68dc[Running, pool size = 2, active threads = 2, queued tasks = 0, completed tasks = 0]
2026-09-06 02:10:15.423 [SpringApplicationShutdownHook] INFO  com.alibaba.nacos.common.remote.client - Close current connection 1788631659026_172.17.0.1_59146
2026-09-06 02:10:15.426 [nacos-grpc-client-executor-127.0.0.1-42] WARN  c.a.nacos.common.remote.client.grpc.GrpcClient - [1788631659026_172.17.0.1_59146]Ignore error event,isRunning:false,isAbandon=false
2026-09-06 02:10:15.427 [com.alibaba.nacos.client.naming.grpc.redo.0] INFO  com.alibaba.nacos.client.naming - Redo instance operation REMOVE for DEFAULT_GROUP@@xiaohongshu-auth
2026-09-06 02:10:15.427 [SpringApplicationShutdownHook] INFO  c.a.nacos.common.remote.client.grpc.GrpcClient - Shutdown grpc executor java.util.concurrent.ThreadPoolExecutor@33f65ade[Running, pool size = 4, active threads = 0, queued tasks = 0, completed tasks = 43]
2026-09-06 02:10:15.427 [SpringApplicationShutdownHook] INFO  com.alibaba.nacos.client.naming - Shutdown grpc redo service executor java.util.concurrent.ScheduledThreadPoolExecutor@2086563b[Running, pool size = 1, active threads = 1, queued tasks = 0, completed tasks = 51]
2026-09-06 02:10:15.427 [SpringApplicationShutdownHook] INFO  c.a.n.client.auth.ram.identify.CredentialWatcher - [null] CredentialWatcher is stopped
2026-09-06 02:10:15.427 [SpringApplicationShutdownHook] INFO  c.a.n.client.auth.ram.identify.CredentialService - [null] CredentialService is freed
2026-09-06 02:10:15.427 [SpringApplicationShutdownHook] INFO  com.alibaba.nacos.client.naming - com.alibaba.nacos.client.naming.remote.NamingClientProxyDelegate do shutdown stop
2026-09-06 02:10:15.559 [SpringApplicationShutdownHook] INFO  com.alibaba.druid.pool.DruidDataSource - {dataSource-1} closing ...
2026-09-06 02:10:15.566 [SpringApplicationShutdownHook] INFO  com.alibaba.druid.pool.DruidDataSource - {dataSource-1} closed
